Archive member included to satisfy reference by file (symbol)

/home/lanmei/gap_riscv_toolchain/bin/../lib/gcc/riscv32-unknown-elf/7.1.1/rv32imcxgap9/ilp32/libgcc.a(_ctors.o)
                              /home/lanmei/dory/dory/dory_examples/application/1229_D2_15_mixedSW_final_MIBMINet_100trials/BUILD/GAP9_V2/GCC_RISCV_FREERTOS//home/lanmei/gap_sdk_private/rtos/pmsis/implem/utils/ctors_dtors.o (symbol from plugin) (__DTOR_LIST__)
/home/lanmei/gap_riscv_toolchain/bin/../lib/gcc/riscv32-unknown-elf/7.1.1/rv32imcxgap9/ilp32/libgcc.a(_divdi3.o)
                              /tmp/ccJFVUuc.ltrans1.ltrans.o (__divdi3)
/home/lanmei/gap_riscv_toolchain/bin/../lib/gcc/riscv32-unknown-elf/7.1.1/rv32imcxgap9/ilp32/libgcc.a(_udivdi3.o)
                              /tmp/ccJFVUuc.ltrans1.ltrans.o (__udivdi3)
/home/lanmei/gap_riscv_toolchain/bin/../lib/gcc/riscv32-unknown-elf/7.1.1/rv32imcxgap9/ilp32/libgcc.a(_umoddi3.o)
                              /tmp/ccJFVUuc.ltrans1.ltrans.o (__umoddi3)
/home/lanmei/gap_riscv_toolchain/bin/../lib/gcc/riscv32-unknown-elf/7.1.1/rv32imcxgap9/ilp32/libgcc.a(adddf3.o)
                              /tmp/ccJFVUuc.ltrans1.ltrans.o (__adddf3)
/home/lanmei/gap_riscv_toolchain/bin/../lib/gcc/riscv32-unknown-elf/7.1.1/rv32imcxgap9/ilp32/libgcc.a(divdf3.o)
                              /tmp/ccJFVUuc.ltrans1.ltrans.o (__divdf3)
/home/lanmei/gap_riscv_toolchain/bin/../lib/gcc/riscv32-unknown-elf/7.1.1/rv32imcxgap9/ilp32/libgcc.a(eqdf2.o)
                              /tmp/ccJFVUuc.ltrans1.ltrans.o (__nedf2)
/home/lanmei/gap_riscv_toolchain/bin/../lib/gcc/riscv32-unknown-elf/7.1.1/rv32imcxgap9/ilp32/libgcc.a(gedf2.o)
                              /tmp/ccJFVUuc.ltrans1.ltrans.o (__gedf2)
/home/lanmei/gap_riscv_toolchain/bin/../lib/gcc/riscv32-unknown-elf/7.1.1/rv32imcxgap9/ilp32/libgcc.a(ledf2.o)
                              /tmp/ccJFVUuc.ltrans1.ltrans.o (__ltdf2)
/home/lanmei/gap_riscv_toolchain/bin/../lib/gcc/riscv32-unknown-elf/7.1.1/rv32imcxgap9/ilp32/libgcc.a(muldf3.o)
                              /tmp/ccJFVUuc.ltrans1.ltrans.o (__muldf3)
/home/lanmei/gap_riscv_toolchain/bin/../lib/gcc/riscv32-unknown-elf/7.1.1/rv32imcxgap9/ilp32/libgcc.a(subdf3.o)
                              /tmp/ccJFVUuc.ltrans1.ltrans.o (__subdf3)
/home/lanmei/gap_riscv_toolchain/bin/../lib/gcc/riscv32-unknown-elf/7.1.1/rv32imcxgap9/ilp32/libgcc.a(fixdfsi.o)
                              /tmp/ccJFVUuc.ltrans1.ltrans.o (__fixdfsi)
/home/lanmei/gap_riscv_toolchain/bin/../lib/gcc/riscv32-unknown-elf/7.1.1/rv32imcxgap9/ilp32/libgcc.a(fixunsdfsi.o)
                              /tmp/ccJFVUuc.ltrans1.ltrans.o (__fixunsdfsi)
/home/lanmei/gap_riscv_toolchain/bin/../lib/gcc/riscv32-unknown-elf/7.1.1/rv32imcxgap9/ilp32/libgcc.a(floatsidf.o)
                              /tmp/ccJFVUuc.ltrans1.ltrans.o (__floatsidf)
/home/lanmei/gap_riscv_toolchain/bin/../lib/gcc/riscv32-unknown-elf/7.1.1/rv32imcxgap9/ilp32/libgcc.a(floatunsidf.o)
                              /tmp/ccJFVUuc.ltrans1.ltrans.o (__floatunsidf)
/home/lanmei/gap_riscv_toolchain/bin/../lib/gcc/riscv32-unknown-elf/7.1.1/rv32imcxgap9/ilp32/libgcc.a(extendsfdf2.o)
                              /tmp/ccJFVUuc.ltrans1.ltrans.o (__extendsfdf2)
/home/lanmei/gap_riscv_toolchain/bin/../lib/gcc/riscv32-unknown-elf/7.1.1/rv32imcxgap9/ilp32/libgcc.a(_clz.o)
                              /home/lanmei/gap_riscv_toolchain/bin/../lib/gcc/riscv32-unknown-elf/7.1.1/rv32imcxgap9/ilp32/libgcc.a(_divdi3.o) (__clz_tab)

Allocating common symbols
Common symbol       size              file

run_main_evt        0x50              /home/lanmei/dory/dory/dory_examples/application/1229_D2_15_mixedSW_final_MIBMINet_100trials/BUILD/GAP9_V2/GCC_RISCV_FREERTOS//home/lanmei/gap_sdk_private/rtos/pmsis/os/freeRTOS/vendors/gwt/pmsis/backend/pmsis_backend_native_task_api.o (symbol from plugin)
__global_i2c_slave_itf_data
                    0x10              /home/lanmei/dory/dory/dory_examples/application/1229_D2_15_mixedSW_final_MIBMINet_100trials/BUILD/GAP9_V2/GCC_RISCV_FREERTOS//home/lanmei/gap_sdk_private/rtos/pmsis/implem/chips/gap9/i2c/driver/i2c_slave.o (symbol from plugin)
__pi_i2c_itf_data   0x10              /home/lanmei/dory/dory/dory_examples/application/1229_D2_15_mixedSW_final_MIBMINet_100trials/BUILD/GAP9_V2/GCC_RISCV_FREERTOS//home/lanmei/gap_sdk_private/rtos/pmsis/implem/chips/gap9/i2c/driver/i2c.o (symbol from plugin)
__pi_pmu_domains_on
                    0x4               /home/lanmei/dory/dory/dory_examples/application/1229_D2_15_mixedSW_final_MIBMINet_100trials/BUILD/GAP9_V2/GCC_RISCV_FREERTOS//home/lanmei/gap_sdk_private/rtos/pmsis/implem/chips/gap9/maestro/driver/maestro.o (symbol from plugin)
pi_exception_vector
                    0x40              /tmp/ccJFVUuc.ltrans0.ltrans.o
[...]
Memory Configuration

Name             Origin             Length             Attributes
L2_priv0         0x000000001c000004 0x000000000000fffc
L2_priv0_aliased 0x0000000000000004 0x000000000000fffc
L2_shared        0x000000001c010000 0x0000000000180000
L1               0x0000000010000004 0x000000000001fffc
L1_aliased       0x0000000000000004 0x000000000001fffc
*default*        0x0000000000000000 0xffffffffffffffff

Linker script and memory map

LOAD /home/lanmei/dory/dory/dory_examples/application/1229_D2_15_mixedSW_final_MIBMINet_100trials/BUILD/GAP9_V2/GCC_RISCV_FREERTOS/src/BNReluConvolution0.o
LOAD /tmp/ccJFVUuc.ltrans0.ltrans.o
LOAD /tmp/ccJFVUuc.ltrans1.ltrans.o
LOAD /home/lanmei/dory/dory/dory_examples/application/1229_D2_15_mixedSW_final_MIBMINet_100trials/BUILD/GAP9_V2/GCC_RISCV_FREERTOS/src/BNReluConvolution1.o
LOAD /home/lanmei/dory/dory/dory_examples/application/1229_D2_15_mixedSW_final_MIBMINet_100trials/BUILD/GAP9_V2/GCC_RISCV_FREERTOS/src/BNReluConvolution3.o
LOAD /home/lanmei/dory/dory/dory_examples/application/1229_D2_15_mixedSW_final_MIBMINet_100trials/BUILD/GAP9_V2/GCC_RISCV_FREERTOS/src/BNReluConvolution4.o
LOAD /home/lanmei/dory/dory/dory_examples/application/1229_D2_15_mixedSW_final_MIBMINet_100trials/BUILD/GAP9_V2/GCC_RISCV_FREERTOS/src/dory_dma.o
LOAD /home/lanmei/dory/dory/dory_examples/application/1229_D2_15_mixedSW_final_MIBMINet_100trials/BUILD/GAP9_V2/GCC_RISCV_FREERTOS/src/FullyConnected6.o
LOAD /home/lanmei/dory/dory/dory_examples/application/1229_D2_15_mixedSW_final_MIBMINet_100trials/BUILD/GAP9_V2/GCC_RISCV_FREERTOS/src/main.o
LOAD /home/lanmei/dory/dory/dory_examples/application/1229_D2_15_mixedSW_final_MIBMINet_100trials/BUILD/GAP9_V2/GCC_RISCV_FREERTOS/src/mem.o
LOAD /home/lanmei/dory/dory/dory_examples/application/1229_D2_15_mixedSW_final_MIBMINet_100trials/BUILD/GAP9_V2/GCC_RISCV_FREERTOS/src/net_utils.o
LOAD /home/lanmei/dory/dory/dory_examples/application/1229_D2_15_mixedSW_final_MIBMINet_100trials/BUILD/GAP9_V2/GCC_RISCV_FREERTOS/src/network.o
LOAD /home/lanmei/dory/dory/dory_examples/application/1229_D2_15_mixedSW_final_MIBMINet_100trials/BUILD/GAP9_V2/GCC_RISCV_FREERTOS/src/Pooling2.o
LOAD /home/lanmei/dory/dory/dory_examples/application/1229_D2_15_mixedSW_final_MIBMINet_100trials/BUILD/GAP9_V2/GCC_RISCV_FREERTOS/src/Pooling5.o
LOAD /home/lanmei/dory/dory/dory_examples/application/1229_D2_15_mixedSW_final_MIBMINet_100trials/BUILD/GAP9_V2/GCC_RISCV_FREERTOS/src/pulp_nn_avgpool_u8_u8.o
LOAD /home/lanmei/dory/dory/dory_examples/application/1229_D2_15_mixedSW_final_MIBMINet_100trials/BUILD/GAP9_V2/GCC_RISCV_FREERTOS/src/pulp_nn_conv_i8_i8_i8.o
LOAD /home/lanmei/dory/dory/dory_examples/application/1229_D2_15_mixedSW_final_MIBMINet_100trials/BUILD/GAP9_V2/GCC_RISCV_FREERTOS/src/pulp_nn_conv_i8_u8_i8.o
LOAD /home/lanmei/dory/dory/dory_examples/application/1229_D2_15_mixedSW_final_MIBMINet_100trials/BUILD/GAP9_V2/GCC_RISCV_FREERTOS/src/pulp_nn_depthwise_i8_u8_i8.o
LOAD /home/lanmei/dory/dory/dory_examples/application/1229_D2_15_mixedSW_final_MIBMINet_100trials/BUILD/GAP9_V2/GCC_RISCV_FREERTOS/src/pulp_nn_depthwise_u8_i8_i8.o
LOAD /home/lanmei/dory/dory/dory_examples/application/1229_D2_15_mixedSW_final_MIBMINet_100trials/BUILD/GAP9_V2/GCC_RISCV_FREERTOS/src/pulp_nn_linear_u8_i32_i8.o
LOAD /home/lanmei/dory/dory/dory_examples/application/1229_D2_15_mixedSW_final_MIBMINet_100trials/BUILD/GAP9_V2/GCC_RISCV_FREERTOS/src/pulp_nn_matmul_i8_i8_i8.o
LOAD /home/lanmei/dory/dory/dory_examples/application/1229_D2_15_mixedSW_final_MIBMINet_100trials/BUILD/GAP9_V2/GCC_RISCV_FREERTOS/src/pulp_nn_matmul_i8_u8_i8.o
LOAD /home/lanmei/dory/dory/dory_examples/application/1229_D2_15_mixedSW_final_MIBMINet_100trials/BUILD/GAP9_V2/GCC_RISCV_FREERTOS/src/pulp_nn_matmul_u8_i8_i8.o
LOAD /home/lanmei/dory/dory/dory_examples/application/1229_D2_15_mixedSW_final_MIBMINet_100trials/BUILD/GAP9_V2/GCC_RISCV_FREERTOS//home/lanmei/gap_sdk_private/rtos/pmsis/os/freeRTOS/vendors/gwt/gap9/src/device/gap_iet.o
LOAD /home/lanmei/dory/dory/dory_examples/application/1229_D2_15_mixedSW_final_MIBMINet_100trials/BUILD/GAP9_V2/GCC_RISCV_FREERTOS//home/lanmei/gap_sdk_private/rtos/pmsis/os/freeRTOS/vendors/gwt/gap9/src/device/startup_gap.o
LOAD /home/lanmei/dory/dory/dory_examples/application/1229_D2_15_mixedSW_final_MIBMINet_100trials/BUILD/GAP9_V2/GCC_RISCV_FREERTOS//home/lanmei/gap_sdk_private/rtos/pmsis/implem/chips/gap9/cluster/driver/cluster-cc.o
LOAD /home/lanmei/dory/dory/dory_examples/application/1229_D2_15_mixedSW_final_MIBMINet_100trials/BUILD/GAP9_V2/GCC_RISCV_FREERTOS//home/lanmei/gap_sdk_private/rtos/pmsis/implem/chips/gap9/cluster/driver/cluster-pe-team.o
LOAD /home/lanmei/dory/dory/dory_examples/application/1229_D2_15_mixedSW_final_MIBMINet_100trials/BUILD/GAP9_V2/GCC_RISCV_FREERTOS//home/lanmei/gap_sdk_private/rtos/pmsis/implem/chips/gap9/cluster/driver/cluster-pe-workgroup.o
LOAD /home/lanmei/dory/dory/dory_examples/application/1229_D2_15_mixedSW_final_MIBMINet_100trials/BUILD/GAP9_V2/GCC_RISCV_FREERTOS//home/lanmei/gap_sdk_private/rtos/pmsis/implem/chips/gap9/cluster/driver/cluster-fc.o
LOAD /home/lanmei/dory/dory/dory_examples/application/1229_D2_15_mixedSW_final_MIBMINet_100trials/BUILD/GAP9_V2/GCC_RISCV_FREERTOS//home/lanmei/gap_sdk_private/rtos/pmsis/implem/chips/gap9/rtc/driver/rtc_asm.o
LOAD /home/lanmei/dory/dory/dory_examples/application/1229_D2_15_mixedSW_final_MIBMINet_100trials/BUILD/GAP9_V2/GCC_RISCV_FREERTOS//home/lanmei/gap_sdk_private/rtos/pmsis/implem/chips/gap9/timer/driver/timer_asm.o
LOAD /home/lanmei/dory/dory/dory_examples/application/1229_D2_15_mixedSW_final_MIBMINet_100trials/BUILD/GAP9_V2/GCC_RISCV_FREERTOS//home/lanmei/gap_sdk_private/rtos/pmsis/implem/chips/gap9/gpio/driver/gpio_asm.o
LOAD /home/lanmei/dory/dory/dory_examples/application/1229_D2_15_mixedSW_final_MIBMINet_100trials/BUILD/GAP9_V2/GCC_RISCV_FREERTOS//home/lanmei/gap_sdk_private/rtos/pmsis/implem/chips/gap9/udma_hyperbus/driver/hyperbus_asm.o
LOAD /home/lanmei/dory/dory/dory_examples/application/1229_D2_15_mixedSW_final_MIBMINet_100trials/BUILD/GAP9_V2/GCC_RISCV_FREERTOS//home/lanmei/gap_sdk_private/rtos/pmsis/implem/chips/gap9/udma_octospi/driver/octospi_asm.o
LOAD /home/lanmei/dory/dory/dory_examples/application/1229_D2_15_mixedSW_final_MIBMINet_100trials/BUILD/GAP9_V2/GCC_RISCV_FREERTOS//home/lanmei/gap_sdk_private/rtos/pmsis/implem/chips/gap9/udma_sdio/driver/sdio_asm.o
LOAD /home/lanmei/dory/dory/dory_examples/application/1229_D2_15_mixedSW_final_MIBMINet_100trials/BUILD/GAP9_V2/GCC_RISCV_FREERTOS//home/lanmei/gap_sdk_private/rtos/pmsis/implem/chips/gap9/cluster/driver/cl_dma_decompressor_asm.o
LOAD /home/lanmei/dory/dory/dory_examples/application/1229_D2_15_mixedSW_final_MIBMINet_100trials/BUILD/GAP9_V2/GCC_RISCV_FREERTOS//home/lanmei/gap_sdk_private/rtos/pmsis/implem/utils/asm_util.o
LOAD /home/lanmei/dory/dory/dory_examples/application/1229_D2_15_mixedSW_final_MIBMINet_100trials/BUILD/GAP9_V2/GCC_RISCV_FREERTOS//home/lanmei/gap_sdk_private/rtos/pmsis/os/freeRTOS/freertos_kernel/portable/GCC/RI5CY-GAP9/port_asm.o
LOAD /home/lanmei/dory/dory/dory_examples/application/1229_D2_15_mixedSW_final_MIBMINet_100trials/BUILD/GAP9_V2/GCC_RISCV_FREERTOS//home/lanmei/gap_sdk_private/rtos/pmsis/os/freeRTOS/freertos_kernel/freertos_task.o
LOAD /home/lanmei/dory/dory/dory_examples/application/1229_D2_15_mixedSW_final_MIBMINet_100trials/BUILD/GAP9_V2/GCC_RISCV_FREERTOS//home/lanmei/gap_sdk_private/rtos/pmsis/os/freeRTOS/vendors/gwt/gap9/src/device/gap_it.o
LOAD /home/lanmei/dory/dory/dory_examples/application/1229_D2_15_mixedSW_final_MIBMINet_100trials/BUILD/GAP9_V2/GCC_RISCV_FREERTOS//home/lanmei/gap_sdk_private/rtos/pmsis/os/freeRTOS/vendors/gwt/gap9/src/device/system_gap.o
LOAD /home/lanmei/dory/dory/dory_examples/application/1229_D2_15_mixedSW_final_MIBMINet_100trials/BUILD/GAP9_V2/GCC_RISCV_FREERTOS//home/lanmei/gap_sdk_private/rtos/pmsis/os/freeRTOS/vendors/gwt/gap9/src/driver/gap_io.o
LOAD /home/lanmei/dory/dory/dory_examples/application/1229_D2_15_mixedSW_final_MIBMINet_100trials/BUILD/GAP9_V2/GCC_RISCV_FREERTOS//home/lanmei/gap_sdk_private/rtos/pmsis/os/freeRTOS/vendors/gwt/libs/src/errno.o
LOAD /home/lanmei/dory/dory/dory_examples/application/1229_D2_15_mixedSW_final_MIBMINet_100trials/BUILD/GAP9_V2/GCC_RISCV_FREERTOS//home/lanmei/gap_sdk_private/rtos/pmsis/os/freeRTOS/vendors/gwt/libs/src/string.o
LOAD /home/lanmei/dory/dory/dory_examples/application/1229_D2_15_mixedSW_final_MIBMINet_100trials/BUILD/GAP9_V2/GCC_RISCV_FREERTOS//home/lanmei/gap_sdk_private/rtos/pmsis/os/freeRTOS/vendors/gwt/libs/src/stdlib.o
LOAD /home/lanmei/dory/dory/dory_examples/application/1229_D2_15_mixedSW_final_MIBMINet_100trials/BUILD/GAP9_V2/GCC_RISCV_FREERTOS//home/lanmei/gap_sdk_private/rtos/pmsis/implem/chips/gap9/i2s/driver/i2s.o
LOAD /home/lanmei/dory/dory/dory_examples/application/1229_D2_15_mixedSW_final_MIBMINet_100trials/BUILD/GAP9_V2/GCC_RISCV_FREERTOS//home/lanmei/gap_sdk_private/rtos/pmsis/implem/chips/gap9/dmacpy/driver/dmacpy.o
LOAD /home/lanmei/dory/dory/dory_examples/application/1229_D2_15_mixedSW_final_MIBMINet_100trials/BUILD/GAP9_V2/GCC_RISCV_FREERTOS//home/lanmei/gap_sdk_private/rtos/pmsis/implem/chips/gap9/timer/driver/timer.o
LOAD /home/lanmei/dory/dory/dory_examples/application/1229_D2_15_mixedSW_final_MIBMINet_100trials/BUILD/GAP9_V2/GCC_RISCV_FREERTOS//home/lanmei/gap_sdk_private/rtos/pmsis/implem/chips/gap9/rtc/driver/rtc.o
LOAD /home/lanmei/dory/dory/dory_examples/application/1229_D2_15_mixedSW_final_MIBMINet_100trials/BUILD/GAP9_V2/GCC_RISCV_FREERTOS//home/lanmei/gap_sdk_private/rtos/pmsis/implem/chips/gap9/rtc/driver/rtc_internal.o
LOAD /home/lanmei/dory/dory/dory_examples/application/1229_D2_15_mixedSW_final_MIBMINet_100trials/BUILD/GAP9_V2/GCC_RISCV_FREERTOS//home/lanmei/gap_sdk_private/rtos/pmsis/implem/chips/gap9/fc_event/driver/fc_event.o
LOAD /home/lanmei/dory/dory/dory_examples/application/1229_D2_15_mixedSW_final_MIBMINet_100trials/BUILD/GAP9_V2/GCC_RISCV_FREERTOS//home/lanmei/gap_sdk_private/rtos/pmsis/implem/chips/gap9/pwm/driver/pwm.o
LOAD /home/lanmei/dory/dory/dory_examples/application/1229_D2_15_mixedSW_final_MIBMINet_100trials/BUILD/GAP9_V2/GCC_RISCV_FREERTOS//home/lanmei/gap_sdk_private/rtos/pmsis/implem/chips/gap9/pwm/driver/pwm_internal.o
LOAD /home/lanmei/dory/dory/dory_examples/application/1229_D2_15_mixedSW_final_MIBMINet_100trials/BUILD/GAP9_V2/GCC_RISCV_FREERTOS//home/lanmei/gap_sdk_private/rtos/pmsis/implem/chips/gap9/spim/driver/spim.o
LOAD /home/lanmei/dory/dory/dory_examples/application/1229_D2_15_mixedSW_final_MIBMINet_100trials/BUILD/GAP9_V2/GCC_RISCV_FREERTOS//home/lanmei/gap_sdk_private/rtos/pmsis/implem/chips/gap9/udma_core/driver/udma_core.o
LOAD /home/lanmei/dory/dory/dory_examples/application/1229_D2_15_mixedSW_final_MIBMINet_100trials/BUILD/GAP9_V2/GCC_RISCV_FREERTOS//home/lanmei/gap_sdk_private/rtos/pmsis/implem/chips/gap9/ffc/driver/ffc.o
LOAD /home/lanmei/dory/dory/dory_examples/application/1229_D2_15_mixedSW_final_MIBMINet_100trials/BUILD/GAP9_V2/GCC_RISCV_FREERTOS//home/lanmei/gap_sdk_private/rtos/pmsis/implem/chips/gap9/udma_datamove/driver/udma_datamove.o
LOAD /home/lanmei/dory/dory/dory_examples/application/1229_D2_15_mixedSW_final_MIBMINet_100trials/BUILD/GAP9_V2/GCC_RISCV_FREERTOS//home/lanmei/gap_sdk_private/rtos/pmsis/implem/chips/gap9/udma_timeout/driver/udma_timeout.o
LOAD /home/lanmei/dory/dory/dory_examples/application/1229_D2_15_mixedSW_final_MIBMINet_100trials/BUILD/GAP9_V2/GCC_RISCV_FREERTOS//home/lanmei/gap_sdk_private/rtos/pmsis/implem/chips/gap9/udma_timestamp/driver/udma_timestamp.o
LOAD /home/lanmei/dory/dory/dory_examples/application/1229_D2_15_mixedSW_final_MIBMINet_100trials/BUILD/GAP9_V2/GCC_RISCV_FREERTOS//home/lanmei/gap_sdk_private/rtos/pmsis/implem/chips/gap9/i2c/driver/i2c.o
LOAD /home/lanmei/dory/dory/dory_examples/application/1229_D2_15_mixedSW_final_MIBMINet_100trials/BUILD/GAP9_V2/GCC_RISCV_FREERTOS//home/lanmei/gap_sdk_private/rtos/pmsis/implem/chips/gap9/i2c/driver/i2c_slave.o
LOAD /home/lanmei/dory/dory/dory_examples/application/1229_D2_15_mixedSW_final_MIBMINet_100trials/BUILD/GAP9_V2/GCC_RISCV_FREERTOS//home/lanmei/gap_sdk_private/rtos/pmsis/implem/chips/gap9/i3c/driver/i3c.o
LOAD /home/lanmei/dory/dory/dory_examples/application/1229_D2_15_mixedSW_final_MIBMINet_100trials/BUILD/GAP9_V2/GCC_RISCV_FREERTOS//home/lanmei/gap_sdk_private/rtos/pmsis/implem/chips/gap9/fll/driver/fll.o
LOAD /home/lanmei/dory/dory/dory_examples/application/1229_D2_15_mixedSW_final_MIBMINet_100trials/BUILD/GAP9_V2/GCC_RISCV_FREERTOS//home/lanmei/gap_sdk_private/rtos/pmsis/implem/chips/gap9/efuse/driver/efuse.o
LOAD /home/lanmei/dory/dory/dory_examples/application/1229_D2_15_mixedSW_final_MIBMINet_100trials/BUILD/GAP9_V2/GCC_RISCV_FREERTOS//home/lanmei/gap_sdk_private/rtos/pmsis/implem/chips/gap9/maestro/driver/maestro.o
LOAD /home/lanmei/dory/dory/dory_examples/application/1229_D2_15_mixedSW_final_MIBMINet_100trials/BUILD/GAP9_V2/GCC_RISCV_FREERTOS//home/lanmei/gap_sdk_private/rtos/pmsis/implem/chips/gap9/maestro/driver/maestro_irq.o
LOAD /home/lanmei/dory/dory/dory_examples/application/1229_D2_15_mixedSW_final_MIBMINet_100trials/BUILD/GAP9_V2/GCC_RISCV_FREERTOS//home/lanmei/gap_sdk_private/rtos/pmsis/implem/chips/gap9/cluster/driver/cluster.o
LOAD /home/lanmei/dory/dory/dory_examples/application/1229_D2_15_mixedSW_final_MIBMINet_100trials/BUILD/GAP9_V2/GCC_RISCV_FREERTOS//home/lanmei/gap_sdk_private/rtos/pmsis/implem/chips/gap9/xip/driver/xip_internal.o
LOAD /home/lanmei/dory/dory/dory_examples/application/1229_D2_15_mixedSW_final_MIBMINet_100trials/BUILD/GAP9_V2/GCC_RISCV_FREERTOS//home/lanmei/gap_sdk_private/rtos/pmsis/implem/chips/gap9/pad/driver/pad.o
LOAD /home/lanmei/dory/dory/dory_examples/application/1229_D2_15_mixedSW_final_MIBMINet_100trials/BUILD/GAP9_V2/GCC_RISCV_FREERTOS//home/lanmei/gap_sdk_private/rtos/pmsis/implem/chips/gap9/gpio/driver/gpio.o
LOAD /home/lanmei/dory/dory/dory_examples/application/1229_D2_15_mixedSW_final_MIBMINet_100trials/BUILD/GAP9_V2/GCC_RISCV_FREERTOS//home/lanmei/gap_sdk_private/rtos/pmsis/implem/chips/gap9/udma_hyperbus/driver/hyperbus.o
LOAD /home/lanmei/dory/dory/dory_examples/application/1229_D2_15_mixedSW_final_MIBMINet_100trials/BUILD/GAP9_V2/GCC_RISCV_FREERTOS//home/lanmei/gap_sdk_private/rtos/pmsis/implem/chips/gap9/udma_hyperbus/driver/hyperbus_internal.o
LOAD /home/lanmei/dory/dory/dory_examples/application/1229_D2_15_mixedSW_final_MIBMINet_100trials/BUILD/GAP9_V2/GCC_RISCV_FREERTOS//home/lanmei/gap_sdk_private/rtos/pmsis/implem/chips/gap9/udma_aes/driver/aes.o
LOAD /home/lanmei/dory/dory/dory_examples/application/1229_D2_15_mixedSW_final_MIBMINet_100trials/BUILD/GAP9_V2/GCC_RISCV_FREERTOS//home/lanmei/gap_sdk_private/rtos/pmsis/implem/chips/gap9/udma_aes/driver/aes_internal.o
LOAD /home/lanmei/dory/dory/dory_examples/application/1229_D2_15_mixedSW_final_MIBMINet_100trials/BUILD/GAP9_V2/GCC_RISCV_FREERTOS//home/lanmei/gap_sdk_private/rtos/pmsis/implem/chips/gap9/udma_aes_dual_core/driver/aes_dual_core_internal.o
LOAD /home/lanmei/dory/dory/dory_examples/application/1229_D2_15_mixedSW_final_MIBMINet_100trials/BUILD/GAP9_V2/GCC_RISCV_FREERTOS//home/lanmei/gap_sdk_private/rtos/pmsis/implem/chips/gap9/udma_cpi/driver/cpi.o
LOAD /home/lanmei/dory/dory/dory_examples/application/1229_D2_15_mixedSW_final_MIBMINet_100trials/BUILD/GAP9_V2/GCC_RISCV_FREERTOS//home/lanmei/gap_sdk_private/rtos/pmsis/implem/chips/gap9/udma_cpi/driver/cpi_internal.o
LOAD /home/lanmei/dory/dory/dory_examples/application/1229_D2_15_mixedSW_final_MIBMINet_100trials/BUILD/GAP9_V2/GCC_RISCV_FREERTOS//home/lanmei/gap_sdk_private/rtos/pmsis/implem/chips/gap9/udma_csi2/driver/csi2.o
LOAD /home/lanmei/dory/dory/dory_examples/application/1229_D2_15_mixedSW_final_MIBMINet_100trials/BUILD/GAP9_V2/GCC_RISCV_FREERTOS//home/lanmei/gap_sdk_private/rtos/pmsis/implem/chips/gap9/udma_csi2/driver/csi2_internal.o
LOAD /home/lanmei/dory/dory/dory_examples/application/1229_D2_15_mixedSW_final_MIBMINet_100trials/BUILD/GAP9_V2/GCC_RISCV_FREERTOS//home/lanmei/gap_sdk_private/rtos/pmsis/implem/chips/gap9/udma_octospi/driver/octospi.o
LOAD /home/lanmei/dory/dory/dory_examples/application/1229_D2_15_mixedSW_final_MIBMINet_100trials/BUILD/GAP9_V2/GCC_RISCV_FREERTOS//home/lanmei/gap_sdk_private/rtos/pmsis/implem/chips/gap9/udma_sdio/driver/sdio.o
LOAD /home/lanmei/dory/dory/dory_examples/application/1229_D2_15_mixedSW_final_MIBMINet_100trials/BUILD/GAP9_V2/GCC_RISCV_FREERTOS//home/lanmei/gap_sdk_private/rtos/pmsis/implem/chips/gap9/udma_sdio/driver/sdio_internal.o
LOAD /home/lanmei/dory/dory/dory_examples/application/1229_D2_15_mixedSW_final_MIBMINet_100trials/BUILD/GAP9_V2/GCC_RISCV_FREERTOS//home/lanmei/gap_sdk_private/rtos/pmsis/implem/chips/gap9/udma_uart/driver/uart.o
LOAD /home/lanmei/dory/dory/dory_examples/application/1229_D2_15_mixedSW_final_MIBMINet_100trials/BUILD/GAP9_V2/GCC_RISCV_FREERTOS//home/lanmei/gap_sdk_private/rtos/pmsis/implem/chips/gap9/udma_uart/driver/uart_internal.o
LOAD /home/lanmei/dory/dory/dory_examples/application/1229_D2_15_mixedSW_final_MIBMINet_100trials/BUILD/GAP9_V2/GCC_RISCV_FREERTOS//home/lanmei/gap_sdk_private/rtos/pmsis/implem/chips/gap9/udma_fifo/driver/udma_fifo.o
LOAD /home/lanmei/dory/dory/dory_examples/application/1229_D2_15_mixedSW_final_MIBMINet_100trials/BUILD/GAP9_V2/GCC_RISCV_FREERTOS//home/lanmei/gap_sdk_private/rtos/pmsis/implem/chips/gap9/quiddikey/driver/quiddikey_internal.o
LOAD /home/lanmei/dory/dory/dory_examples/application/1229_D2_15_mixedSW_final_MIBMINet_100trials/BUILD/GAP9_V2/GCC_RISCV_FREERTOS//home/lanmei/gap_sdk_private/rtos/pmsis/implem/chips/gap9/cluster/driver/cl_team.o
LOAD /home/lanmei/dory/dory/dory_examples/application/1229_D2_15_mixedSW_final_MIBMINet_100trials/BUILD/GAP9_V2/GCC_RISCV_FREERTOS//home/lanmei/gap_sdk_private/rtos/pmsis/implem/chips/gap9/cluster/driver/uart_cl_internal.o
LOAD /home/lanmei/dory/dory/dory_examples/application/1229_D2_15_mixedSW_final_MIBMINet_100trials/BUILD/GAP9_V2/GCC_RISCV_FREERTOS//home/lanmei/gap_sdk_private/rtos/pmsis/implem/chips/gap9/cluster/driver/cl_dma_decompressor.o
LOAD /home/lanmei/dory/dory/dory_examples/application/1229_D2_15_mixedSW_final_MIBMINet_100trials/BUILD/GAP9_V2/GCC_RISCV_FREERTOS//home/lanmei/gap_sdk_private/rtos/pmsis/implem/utils/ctors_dtors.o
LOAD /home/lanmei/dory/dory/dory_examples/application/1229_D2_15_mixedSW_final_MIBMINet_100trials/BUILD/GAP9_V2/GCC_RISCV_FREERTOS//home/lanmei/gap_sdk_private/rtos/pmsis/bsp/eeprom/24XX1025.o
LOAD /home/lanmei/dory/dory/dory_examples/application/1229_D2_15_mixedSW_final_MIBMINet_100trials/BUILD/GAP9_V2/GCC_RISCV_FREERTOS//home/lanmei/gap_sdk_private/rtos/pmsis/bsp/eeprom/virtual_eeprom.o
LOAD /home/lanmei/dory/dory/dory_examples/application/1229_D2_15_mixedSW_final_MIBMINet_100trials/BUILD/GAP9_V2/GCC_RISCV_FREERTOS//home/lanmei/gap_sdk_private/rtos/pmsis/bsp/ram/hyperram/hyperram.o
LOAD /home/lanmei/dory/dory/dory_examples/application/1229_D2_15_mixedSW_final_MIBMINet_100trials/BUILD/GAP9_V2/GCC_RISCV_FREERTOS//home/lanmei/gap_sdk_private/rtos/pmsis/bsp/ram/spiram/aps256xxn.o
LOAD /home/lanmei/dory/dory/dory_examples/application/1229_D2_15_mixedSW_final_MIBMINet_100trials/BUILD/GAP9_V2/GCC_RISCV_FREERTOS//home/lanmei/gap_sdk_private/rtos/pmsis/bsp/ram/ram.o
LOAD /home/lanmei/dory/dory/dory_examples/application/1229_D2_15_mixedSW_final_MIBMINet_100trials/BUILD/GAP9_V2/GCC_RISCV_FREERTOS//home/lanmei/gap_sdk_private/rtos/pmsis/bsp/ram/alloc_extern.o
LOAD /home/lanmei/dory/dory/dory_examples/application/1229_D2_15_mixedSW_final_MIBMINet_100trials/BUILD/GAP9_V2/GCC_RISCV_FREERTOS//home/lanmei/gap_sdk_private/rtos/pmsis/bsp/flash/hyperflash/hyperflash.o
LOAD /home/lanmei/dory/dory/dory_examples/application/1229_D2_15_mixedSW_final_MIBMINet_100trials/BUILD/GAP9_V2/GCC_RISCV_FREERTOS//home/lanmei/gap_sdk_private/rtos/pmsis/bsp/flash/spiflash/mx25u51245g.o
LOAD /home/lanmei/dory/dory/dory_examples/application/1229_D2_15_mixedSW_final_MIBMINet_100trials/BUILD/GAP9_V2/GCC_RISCV_FREERTOS//home/lanmei/gap_sdk_private/rtos/pmsis/bsp/flash/sdcard/sdcard.o
LOAD /home/lanmei/dory/dory/dory_examples/application/1229_D2_15_mixedSW_final_MIBMINet_100trials/BUILD/GAP9_V2/GCC_RISCV_FREERTOS//home/lanmei/gap_sdk_private/rtos/pmsis/bsp/flash/spiflash/atxp032.o
LOAD /home/lanmei/dory/dory/dory_examples/application/1229_D2_15_mixedSW_final_MIBMINet_100trials/BUILD/GAP9_V2/GCC_RISCV_FREERTOS//home/lanmei/gap_sdk_private/rtos/pmsis/bsp/flash/flash.o
LOAD /home/lanmei/dory/dory/dory_examples/application/1229_D2_15_mixedSW_final_MIBMINet_100trials/BUILD/GAP9_V2/GCC_RISCV_FREERTOS//home/lanmei/gap_sdk_private/rtos/pmsis/bsp/partition/partition.o
LOAD /home/lanmei/dory/dory/dory_examples/application/1229_D2_15_mixedSW_final_MIBMINet_100trials/BUILD/GAP9_V2/GCC_RISCV_FREERTOS//home/lanmei/gap_sdk_private/rtos/pmsis/bsp/partition/flash_partition.o
LOAD /home/lanmei/dory/dory/dory_examples/application/1229_D2_15_mixedSW_final_MIBMINet_100trials/BUILD/GAP9_V2/GCC_RISCV_FREERTOS//home/lanmei/gap_sdk_private/rtos/pmsis/bsp/partition/flash_partition_v2.o
LOAD /home/lanmei/dory/dory/dory_examples/application/1229_D2_15_mixedSW_final_MIBMINet_100trials/BUILD/GAP9_V2/GCC_RISCV_FREERTOS//home/lanmei/gap_sdk_private/rtos/pmsis/bsp/partition/secret_storage.o
LOAD /home/lanmei/dory/dory/dory_examples/application/1229_D2_15_mixedSW_final_MIBMINet_100trials/BUILD/GAP9_V2/GCC_RISCV_FREERTOS//home/lanmei/gap_sdk_private/rtos/pmsis/bsp/crc/md5.o
LOAD /home/lanmei/dory/dory/dory_examples/application/1229_D2_15_mixedSW_final_MIBMINet_100trials/BUILD/GAP9_V2/GCC_RISCV_FREERTOS//home/lanmei/gap_sdk_private/rtos/pmsis/bsp/flash/mram/mram-v2.o
LOAD /home/lanmei/dory/dory/dory_examples/application/1229_D2_15_mixedSW_final_MIBMINet_100trials/BUILD/GAP9_V2/GCC_RISCV_FREERTOS//home/lanmei/gap_sdk_private/rtos/pmsis/bsp/camera/himax/himax.o
LOAD /home/lanmei/dory/dory/dory_examples/application/1229_D2_15_mixedSW_final_MIBMINet_100trials/BUILD/GAP9_V2/GCC_RISCV_FREERTOS//home/lanmei/gap_sdk_private/rtos/pmsis/bsp/camera/ov5647/ov5647.o
LOAD /home/lanmei/dory/dory/dory_examples/application/1229_D2_15_mixedSW_final_MIBMINet_100trials/BUILD/GAP9_V2/GCC_RISCV_FREERTOS//home/lanmei/gap_sdk_private/rtos/pmsis/bsp/camera/ov9281/ov9281.o
LOAD /home/lanmei/dory/dory/dory_examples/application/1229_D2_15_mixedSW_final_MIBMINet_100trials/BUILD/GAP9_V2/GCC_RISCV_FREERTOS//home/lanmei/gap_sdk_private/rtos/pmsis/bsp/camera/ov9750/ov9750.o
LOAD /home/lanmei/dory/dory/dory_examples/application/1229_D2_15_mixedSW_final_MIBMINet_100trials/BUILD/GAP9_V2/GCC_RISCV_FREERTOS//home/lanmei/gap_sdk_private/rtos/pmsis/bsp/camera/camera.o
LOAD /home/lanmei/dory/dory/dory_examples/application/1229_D2_15_mixedSW_final_MIBMINet_100trials/BUILD/GAP9_V2/GCC_RISCV_FREERTOS//home/lanmei/gap_sdk_private/rtos/pmsis/bsp/fs/vfs.o
LOAD /home/lanmei/dory/dory/dory_examples/application/1229_D2_15_mixedSW_final_MIBMINet_100trials/BUILD/GAP9_V2/GCC_RISCV_FREERTOS//home/lanmei/gap_sdk_private/rtos/pmsis/bsp/fs/lfs/lfs.o
LOAD /home/lanmei/dory/dory/dory_examples/application/1229_D2_15_mixedSW_final_MIBMINet_100trials/BUILD/GAP9_V2/GCC_RISCV_FREERTOS//home/lanmei/gap_sdk_private/rtos/pmsis/bsp/fs/lfs/lfs_util.o
LOAD /home/lanmei/dory/dory/dory_examples/application/1229_D2_15_mixedSW_final_MIBMINet_100trials/BUILD/GAP9_V2/GCC_RISCV_FREERTOS//home/lanmei/gap_sdk_private/rtos/pmsis/bsp/fs/lfs/pi_lfs.o
LOAD /home/lanmei/dory/dory/dory_examples/application/1229_D2_15_mixedSW_final_MIBMINet_100trials/BUILD/GAP9_V2/GCC_RISCV_FREERTOS//home/lanmei/gap_sdk_private/rtos/pmsis/bsp/fs/read_fs/read_fs.o
LOAD /home/lanmei/dory/dory/dory_examples/application/1229_D2_15_mixedSW_final_MIBMINet_100trials/BUILD/GAP9_V2/GCC_RISCV_FREERTOS//home/lanmei/gap_sdk_private/rtos/pmsis/bsp/fs/host_fs/host_fs.o
LOAD /home/lanmei/dory/dory/dory_examples/application/1229_D2_15_mixedSW_final_MIBMINet_100trials/BUILD/GAP9_V2/GCC_RISCV_FREERTOS//home/lanmei/gap_sdk_private/rtos/pmsis/bsp/fs/fs.o
LOAD /home/lanmei/dory/dory/dory_examples/application/1229_D2_15_mixedSW_final_MIBMINet_100trials/BUILD/GAP9_V2/GCC_RISCV_FREERTOS//home/lanmei/gap_sdk_private/rtos/pmsis/bsp/ota/ota.o
LOAD /home/lanmei/dory/dory/dory_examples/application/1229_D2_15_mixedSW_final_MIBMINet_100trials/BUILD/GAP9_V2/GCC_RISCV_FREERTOS//home/lanmei/gap_sdk_private/rtos/pmsis/bsp/ota/ota_utility.o
LOAD /home/lanmei/dory/dory/dory_examples/application/1229_D2_15_mixedSW_final_MIBMINet_100trials/BUILD/GAP9_V2/GCC_RISCV_FREERTOS//home/lanmei/gap_sdk_private/rtos/pmsis/bsp/ota/updater.o
LOAD /home/lanmei/dory/dory/dory_examples/application/1229_D2_15_mixedSW_final_MIBMINet_100trials/BUILD/GAP9_V2/GCC_RISCV_FREERTOS//home/lanmei/gap_sdk_private/rtos/pmsis/bsp/bootloader/bootloader_utility.o
LOAD /home/lanmei/dory/dory/dory_examples/application/1229_D2_15_mixedSW_final_MIBMINet_100trials/BUILD/GAP9_V2/GCC_RISCV_FREERTOS//home/lanmei/gap_sdk_private/rtos/pmsis/bsp/crc/crc32.o
LOAD /home/lanmei/dory/dory/dory_examples/application/1229_D2_15_mixedSW_final_MIBMINet_100trials/BUILD/GAP9_V2/GCC_RISCV_FREERTOS//home/lanmei/gap_sdk_private/rtos/pmsis/bsp/bsp/gap9_v2.o
LOAD /home/lanmei/dory/dory/dory_examples/application/1229_D2_15_mixedSW_final_MIBMINet_100trials/BUILD/GAP9_V2/GCC_RISCV_FREERTOS//home/lanmei/gap_sdk_private/rtos/pmsis/os/freeRTOS/vendors/gwt/pmsis/rtos/pi_log.o
LOAD /home/lanmei/dory/dory/dory_examples/application/1229_D2_15_mixedSW_final_MIBMINet_100trials/BUILD/GAP9_V2/GCC_RISCV_FREERTOS//home/lanmei/gap_sdk_private/rtos/pmsis/os/freeRTOS/vendors/gwt/pmsis/rtos/event_kernel/event_kernel.o
LOAD /home/lanmei/dory/dory/dory_examples/application/1229_D2_15_mixedSW_final_MIBMINet_100trials/BUILD/GAP9_V2/GCC_RISCV_FREERTOS//home/lanmei/gap_sdk_private/rtos/pmsis/os/freeRTOS/vendors/gwt/pmsis/rtos/mem_slab/mem_slab.o
LOAD /home/lanmei/dory/dory/dory_examples/application/1229_D2_15_mixedSW_final_MIBMINet_100trials/BUILD/GAP9_V2/GCC_RISCV_FREERTOS//home/lanmei/gap_sdk_private/rtos/pmsis/os/freeRTOS/vendors/gwt/pmsis/rtos/os/device.o
LOAD /home/lanmei/dory/dory/dory_examples/application/1229_D2_15_mixedSW_final_MIBMINet_100trials/BUILD/GAP9_V2/GCC_RISCV_FREERTOS//home/lanmei/gap_sdk_private/rtos/pmsis/os/freeRTOS/vendors/gwt/pmsis/rtos/os/pmsis_evt.o
LOAD /home/lanmei/dory/dory/dory_examples/application/1229_D2_15_mixedSW_final_MIBMINet_100trials/BUILD/GAP9_V2/GCC_RISCV_FREERTOS//home/lanmei/gap_sdk_private/rtos/pmsis/implem/malloc/alloc.o
LOAD /home/lanmei/dory/dory/dory_examples/application/1229_D2_15_mixedSW_final_MIBMINet_100trials/BUILD/GAP9_V2/GCC_RISCV_FREERTOS//home/lanmei/gap_sdk_private/rtos/pmsis/implem/malloc/alloc_pool.o
LOAD /home/lanmei/dory/dory/dory_examples/application/1229_D2_15_mixedSW_final_MIBMINet_100trials/BUILD/GAP9_V2/GCC_RISCV_FREERTOS//home/lanmei/gap_sdk_private/rtos/pmsis/implem/malloc/pi_malloc.o
LOAD /home/lanmei/dory/dory/dory_examples/application/1229_D2_15_mixedSW_final_MIBMINet_100trials/BUILD/GAP9_V2/GCC_RISCV_FREERTOS//home/lanmei/gap_sdk_private/rtos/pmsis/os/freeRTOS/vendors/gwt/pmsis/backend/pmsis_backend_native_task_api.o
LOAD /home/lanmei/dory/dory/dory_examples/application/1229_D2_15_mixedSW_final_MIBMINet_100trials/BUILD/GAP9_V2/GCC_RISCV_FREERTOS//home/lanmei/gap_sdk_private/rtos/pmsis/os/freeRTOS/freertos_kernel/portable/GCC/RI5CY-GAP9/port.o
LOAD /home/lanmei/dory/dory/dory_examples/application/1229_D2_15_mixedSW_final_MIBMINet_100trials/BUILD/GAP9_V2/GCC_RISCV_FREERTOS//home/lanmei/gap_sdk_private/rtos/pmsis/os/freeRTOS/vendors/gwt/libs/printf/printf.o
LOAD /home/lanmei/dory/dory/dory_examples/application/1229_D2_15_mixedSW_final_MIBMINet_100trials/BUILD/GAP9_V2/GCC_RISCV_FREERTOS//home/lanmei/gap_sdk_private/rtos/pmsis/os/freeRTOS/freertos_kernel/list.o
LOAD /home/lanmei/dory/dory/dory_examples/application/1229_D2_15_mixedSW_final_MIBMINet_100trials/BUILD/GAP9_V2/GCC_RISCV_FREERTOS//home/lanmei/gap_sdk_private/rtos/pmsis/os/freeRTOS/freertos_kernel/queue.o
LOAD /home/lanmei/dory/dory/dory_examples/application/1229_D2_15_mixedSW_final_MIBMINet_100trials/BUILD/GAP9_V2/GCC_RISCV_FREERTOS//home/lanmei/gap_sdk_private/rtos/pmsis/os/freeRTOS/freertos_kernel/tasks.o
LOAD /home/lanmei/dory/dory/dory_examples/application/1229_D2_15_mixedSW_final_MIBMINet_100trials/BUILD/GAP9_V2/GCC_RISCV_FREERTOS//home/lanmei/gap_sdk_private/rtos/pmsis/os/freeRTOS/freertos_kernel/timers.o
LOAD /home/lanmei/dory/dory/dory_examples/application/1229_D2_15_mixedSW_final_MIBMINet_100trials/BUILD/GAP9_V2/GCC_RISCV_FREERTOS//home/lanmei/gap_sdk_private/rtos/pmsis/os/freeRTOS/freertos_kernel/event_groups.o
LOAD /home/lanmei/dory/dory/dory_examples/application/1229_D2_15_mixedSW_final_MIBMINet_100trials/BUILD/GAP9_V2/GCC_RISCV_FREERTOS//home/lanmei/gap_sdk_private/rtos/pmsis/os/freeRTOS/freertos_kernel/stream_buffer.o
LOAD /home/lanmei/dory/dory/dory_examples/application/1229_D2_15_mixedSW_final_MIBMINet_100trials/BUILD/GAP9_V2/GCC_RISCV_FREERTOS//home/lanmei/gap_sdk_private/rtos/pmsis/os/freeRTOS/vendors/gwt/gap9/config/FreeRTOS_util.o
LOAD /home/lanmei/gap_riscv_toolchain/bin/../lib/gcc/riscv32-unknown-elf/7.1.1/../../../../riscv32-unknown-elf/lib/rv32imcxgap9/ilp32/libm.a
LOAD /home/lanmei/gap_riscv_toolchain/bin/../lib/gcc/riscv32-unknown-elf/7.1.1/rv32imcxgap9/ilp32/libgcc.a
                0x0000000000001000                __STACK_FC_SIZE = 0x1000
                0x0000000000000800                __STACK_IRQ_SIZE = 0x800

.data_tiny_fc   0x0000000000000004      0x4fc load address 0x000000001c000004
                0x0000000000000010                . = ALIGN (0x10)
 *fill*         0x0000000000000004        0xc 
 *(.data_tiny_fc)
 .data_tiny_fc  0x0000000000000010      0x4b8 /tmp/ccJFVUuc.ltrans0.ltrans.o
 .data_tiny_fc  0x00000000000004c8       0x38 /tmp/ccJFVUuc.ltrans1.ltrans.o
                0x00000000000004c8                pi_pmu_soc_voltage
                0x00000000000004cc                __pi_fll.lto_priv.172
                0x00000000000004ec                __pi_udma_chan_lin
                0x00000000000004f4                __pi_pmu_sleep_slow_clk_only
                0x00000000000004f8                __pi_pmu_sleep_ctrl
                0x00000000000004fc                __pi_pmu_reboot_value.lto_priv.174
 *(.data_tiny_fc.*)
 *(.fcTcdmTiny)
 *(.fcTcdmTiny.*)
                0x0000000000000500                . = ALIGN (0x10)

.boot           0x000000001c000500        0x0
                0x000000001c000500                . = ALIGN (0x10)
 *(.boot)
 *(.boot.*)
                0x000000001c000500                . = ALIGN (0x10)

.ctors          0x000000001c000500       0x18
                0x000000001c000500                . = ALIGN (0x10)
                0x000000001c000500                __CTOR_LIST__ = .
                0x000000001c000500        0x4 LONG 0x4 (((__CTOR_END__ - __CTOR_LIST__) / 0x4) - 0x2)
 *(SORT(.init_array.*))
 .init_array.00101
                0x000000001c000504        0x4 /tmp/ccJFVUuc.ltrans0.ltrans.o
 .init_array.00111
                0x000000001c000508        0x4 /tmp/ccJFVUuc.ltrans0.ltrans.o
 .init_array.00112
                0x000000001c00050c        0x4 /tmp/ccJFVUuc.ltrans1.ltrans.o
 .init_array.00113
                0x000000001c000510        0x4 /tmp/ccJFVUuc.ltrans0.ltrans.o
 *(.init_array)
                0x000000001c000514        0x4 LONG 0x0
                0x000000001c000518                __CTOR_END__ = .

.dtors          0x000000001c000518       0x20
                0x000000001c000520                . = ALIGN (0x10)
 *fill*         0x000000001c000518        0x8 
                0x000000001c000520                __DTOR_LIST__ = .
                0x000000001c000520        0x4 LONG 0x4 (((__DTOR_END__ - __DTOR_LIST__) / 0x4) - 0x2)
 *(SORT(.fini_array.*))
 .fini_array.00101
                0x000000001c000524        0x4 /tmp/ccJFVUuc.ltrans0.ltrans.o
 .fini_array.00111
                0x000000001c000528        0x4 /tmp/ccJFVUuc.ltrans0.ltrans.o
 .fini_array.00112
                0x000000001c00052c        0x4 /tmp/ccJFVUuc.ltrans1.ltrans.o
 .fini_array.00113
                0x000000001c000530        0x4 /tmp/ccJFVUuc.ltrans0.ltrans.o
 *(.fini_array)
                0x000000001c000534        0x4 LONG 0x0
                0x000000001c000538                __DTOR_END__ = .

.data_fc        0x000000001c000538      0x298
                0x000000001c000538                . = ALIGN (0x4)
                0x000000001c000538                __printf_lock_ptr_l2 = .
                0x000000001c00053c                . = (__printf_lock_ptr_l2 + 0x4)
 *fill*         0x000000001c000538        0x4 
                0x000000001c000540                . = ALIGN (0x10)
 *fill*         0x000000001c00053c        0x4 
                0x000000001c000540                sdata = .
                0x000000001c000540                _sdata = .
 *(.sdata)
 .sdata         0x000000001c000540       0x10 /tmp/ccJFVUuc.ltrans0.ltrans.o
 .sdata         0x000000001c000550       0x10 /tmp/ccJFVUuc.ltrans1.ltrans.o
                0x000000001c000554                tick_us
 *(.sdata.*)
 *(.data_fc)
 .data_fc       0x000000001c000560      0x26c /tmp/ccJFVUuc.ltrans1.ltrans.o
                0x000000001c000560                default_sched
 *(.data_fc.*)
 *(.fcTcdm)
 *(.fcTcdm.*)
 *(.fcTcdm_g)
 *(.fcTcdm_g.*)
 *(.heapfcram)
 *(.heapfcram.*)
                0x000000001c0007d0                . = ALIGN (0x10)
 *fill*         0x000000001c0007cc        0x4 
                0x000000001c0007d0                edata = .
                0x000000001c0007d0                _edata = .

.stack_irq      0x000000001c0007d0      0x800
                0x000000001c0007d0                . = ALIGN (0x10)
                0x000000001c0007d0                __fc_bss_start__ = .
                0x000000001c0007d0                __fc_bss_end__ = .
                0x000000001c0007d0                __stack_irq_end__ = .
                0x000000001c000fd0                . = (. + __STACK_IRQ_SIZE)
 *fill*         0x000000001c0007d0      0x800 
                0x000000001c000fd0                __stack_irq_start__ = .
                0x000000001c000fd0                . = ALIGN (0x10)
                0x000000001c000fd0                __heapfcram_start = .
                0x000000000000f030                __heapfcram_size = ((ORIGIN (L2_priv0) + LENGTH (L2_priv0)) - __heapfcram_start)

.vectors_irq    0x000000001c010000       0x94
                0x000000001c010000                . = ALIGN (0x100)
                0x000000001c010000                __irq_vector_base_m__ = .
 *(.vectors_irq)
 .vectors_irq   0x000000001c010000       0x94 /home/lanmei/dory/dory/dory_examples/application/1229_D2_15_mixedSW_final_MIBMINet_100trials/BUILD/GAP9_V2/GCC_RISCV_FREERTOS//home/lanmei/gap_sdk_private/rtos/pmsis/os/freeRTOS/vendors/gwt/gap9/src/device/startup_gap.o
                0x000000001c010090                __rt_debug_struct_ptr

.cluster_vectors_irq
                0x000000001c010094       0x6c
                0x000000001c010100                . = ALIGN (0x100)
 *fill*         0x000000001c010094       0x6c 
                0x000000001c010100                __irq_cluster_vector_base_m__ = .
 *(.cluster_vectors_irq)

.text_l2        0x000000001c010100      0xb5e
                0x000000001c010100                . = ALIGN (0x10)
 *(.text.text_l2.reset)
 .text.text_l2.reset
                0x000000001c010100       0xe4 /home/lanmei/dory/dory/dory_examples/application/1229_D2_15_mixedSW_final_MIBMINet_100trials/BUILD/GAP9_V2/GCC_RISCV_FREERTOS//home/lanmei/gap_sdk_private/rtos/pmsis/os/freeRTOS/vendors/gwt/gap9/src/device/startup_gap.o
                0x000000001c010100                _start
                0x000000001c01019c                __main
                0x000000001c0101ce                __printf_uart_close
 *(.text.text_l2.reset.*)
 *(.text.text_l2)
 .text.text_l2  0x000000001c0101e4      0x2a8 /home/lanmei/dory/dory/dory_examples/application/1229_D2_15_mixedSW_final_MIBMINet_100trials/BUILD/GAP9_V2/GCC_RISCV_FREERTOS//home/lanmei/gap_sdk_private/rtos/pmsis/os/freeRTOS/vendors/gwt/gap9/src/device/gap_iet.o
                0x000000001c0101e4                mcause_check
                0x000000001c0102f0                pi_irq_handler_wrapper
                0x000000001c010328                asm_do_yield
                0x000000001c010394                pendSV_handler
                0x000000001c0103fc                systick_handler
                0x000000001c010400                fc_event_handler
                0x000000001c010428                pmu_event_handler
                0x000000001c010450                ecall_handler
                0x000000001c01047a                default_handler
                0x000000001c01047e                ill_ins_handler
 .text.text_l2  0x000000001c01048c       0x50 /home/lanmei/dory/dory/dory_examples/application/1229_D2_15_mixedSW_final_MIBMINet_100trials/BUILD/GAP9_V2/GCC_RISCV_FREERTOS//home/lanmei/gap_sdk_private/rtos/pmsis/implem/chips/gap9/timer/driver/timer_asm.o
                0x000000001c01048c                __pi_timer_fc_0_1_irq_handler
                0x000000001c0104b4                __pi_timer_fc_1_1_irq_handler
 .text.text_l2  0x000000001c0104dc       0x3a /home/lanmei/dory/dory/dory_examples/application/1229_D2_15_mixedSW_final_MIBMINet_100trials/BUILD/GAP9_V2/GCC_RISCV_FREERTOS//home/lanmei/gap_sdk_private/rtos/pmsis/implem/chips/gap9/udma_hyperbus/driver/hyperbus_asm.o
                0x000000001c0104dc                __pi_hyperbus_0_irq_handler
                0x000000001c0104ec                __pi_hyperbus_1_irq_handler
 .text.text_l2  0x000000001c010516      0x124 /home/lanmei/dory/dory/dory_examples/application/1229_D2_15_mixedSW_final_MIBMINet_100trials/BUILD/GAP9_V2/GCC_RISCV_FREERTOS//home/lanmei/gap_sdk_private/rtos/pmsis/implem/utils/asm_util.o
                0x000000001c010516                ASM_FUNC_SAVE_MINIMAL_CONTEXT
                0x000000001c01055a                ASM_FUNC_RESTORE_MINIMAL_CONTEXT
                0x000000001c01059e                ASM_FUNC_SAVE_SAVE_CONTEXT
                0x000000001c0105b8                ASM_FUNC_RESTORE_SAVE_CONTEXT
                0x000000001c0105d2                ASM_FUNC_SAVE_CSR_CONTEXT
                0x000000001c0105e0                ASM_FUNC_RESTORE_CSR_CONTEXT
                0x000000001c0105ee                ASM_FUNC_SAVE_ADDITIONAL_CONTEXT
                0x000000001c010614                ASM_FUNC_RESTORE_ADDITIONAL_CONTEXT
 *(.text.text_l2.*)
 .text_l2       0x000000001c01063a      0x5c4 /tmp/ccJFVUuc.ltrans0.ltrans.o
                0x000000001c010702                mram_erase_async.lto_priv.152
                0x000000001c010752                mram_erase_sector_async.lto_priv.151
                0x000000001c0107ae                mram_erase_chip_async.lto_priv.150
                0x000000001c010aae                __pi_pmu_scu_handler
                0x000000001c010b74                __pi_fll_freq_set.lto_priv.165
 .text_l2       0x000000001c010bfe       0x60 /tmp/ccJFVUuc.ltrans1.ltrans.o
                0x000000001c010bfe                pi_freq_set.constprop.51

.text           0x000000001c010c5e    0x105a2
                0x000000001c010c60                . = ALIGN (0x10)
 *fill*         0x000000001c010c5e        0x2 
                0x000000001c010c60                _stext = .
 *(.text.reset)
 *(.text)
 .text          0x000000001c010c60     0x7d5a /tmp/ccJFVUuc.ltrans0.ltrans.o
                0x000000001c010c60                mram_reg_set.lto_priv.160
                0x000000001c010c64                mram_reg_get.lto_priv.161
                0x000000001c010fd8                mram_copy_2d_async.lto_priv.154
                0x000000001c011070                mram_copy_2d.lto_priv.163
                0x000000001c0110c4                mram_erase.lto_priv.159
                0x000000001c0110fa                mram_erase_sector.lto_priv.158
                0x000000001c011128                mram_erase_chip.lto_priv.157
                0x000000001c01114e                mram_program_async.lto_priv.149
                0x000000001c0111a4                mram_program.lto_priv.156
                0x000000001c0111e0                mram_read_async.lto_priv.148
                0x000000001c01123e                mram_read.lto_priv.155
                0x000000001c01127a                mram_copy_async.lto_priv.153
                0x000000001c011298                mram_copy.lto_priv.162
                0x000000001c0112dc                mram_close.lto_priv.147
                0x000000001c0116b8                pi_task_remote_enqueue.lto_priv.118
                0x000000001c01171e                hyperflash_ioctl.lto_priv.127
                0x000000001c0117c0                hyperram_alloc
                0x000000001c011902                hyperram_free
                0x000000001c011958                hyperflash_erase_sector_async.lto_priv.131
                0x000000001c011a3a                hyperflash_erase_sector.lto_priv.140
                0x000000001c011a66                hyperflash_erase_async.lto_priv.132
                0x000000001c011aac                hyperflash_erase.lto_priv.141
                0x000000001c011ae0                hyperflash_erase_chip_async.lto_priv.130
                0x000000001c011bcc                hyperflash_erase_chip.lto_priv.139
                0x000000001c011d30                hyperflash_close.lto_priv.126
                0x000000001c011d56                hyperram_close.lto_priv.122
                0x000000001c0120b8                body.lto_priv.169
                0x000000001c0129a8                __pi_cl_decompressor_handler
                0x000000001c012b5c                __pi_sdio_irq_handler
                0x000000001c012cec                pi_octospi1_handler
                0x000000001c012dd8                pi_octospi0_handler
                0x000000001c012ec4                __pi_hyper_copy_2d
                0x000000001c01300e                hyperflash_copy_2d.lto_priv.145
                0x000000001c013066                hyperflash_copy_2d_async.lto_priv.136
                0x000000001c01307e                hyperflash_read_async.lto_priv.128
                0x000000001c013118                hyperflash_read.lto_priv.137
                0x000000001c013154                hyperram_copy_2d_async.lto_priv.124
                0x000000001c01317e                hyperram_copy_async.lto_priv.123
                0x000000001c01324a                hyperflash_reg_get_async.lto_priv.134
                0x000000001c0132b0                hyperflash_reg_get.lto_priv.143
                0x000000001c013432                hyperflash_program_async.lto_priv.129
                0x000000001c013486                hyperflash_program.lto_priv.138
                0x000000001c0134c2                hyperflash_copy_async.lto_priv.135
                0x000000001c0134e0                hyperflash_copy.lto_priv.144
                0x000000001c01352c                hyperflash_reg_set_async.lto_priv.133
                0x000000001c01358e                hyperflash_reg_set.lto_priv.142
                0x000000001c0136d0                __pi_hyper_handler_irq
                0x000000001c01376e                __pi_gpio_handler
                0x000000001c01385e                __pi_cluster_task_set_stack.isra.4.lto_priv.166
                0x000000001c0138ce                pi_cl_send_task_to_fc
                0x000000001c013a9e                __pi_pmu_change_domain_power_async.lto_priv.164
                0x000000001c013b86                mram_open.lto_priv.146
                0x000000001c013efe                fc_soc_event_handler
                0x000000001c013f1e                __pi_rtc_handler
                0x000000001c013f76                __pi_rtc_apb_handler
                0x000000001c013f7c                __pi_timer_fc_1_1_handler
                0x000000001c01407c                __pi_timer_fc_0_1_handler
                0x000000001c014172                memmove
                0x000000001c014198                free
                0x000000001c01419c                malloc
                0x000000001c0141a0                strrchr
                0x000000001c0141b8                strstr
                0x000000001c014254                strchr
                0x000000001c014270                strcspn
                0x000000001c014298                strspn
                0x000000001c0142d0                strncpy
                0x000000001c0142f8                strcpy
                0x000000001c01431a                strcat
                0x000000001c01434c                strlen
                0x000000001c014368                strncmp
                0x000000001c0143a4                strcmp
                0x000000001c0143da                memset
                0x000000001c0143ee                calloc
                0x000000001c01440c                memcpy
                0x000000001c014d54                hyperram_open.lto_priv.121
                0x000000001c014ee8                hyperflash_open.lto_priv.125
                0x000000001c014f7a                memcmp
                0x000000001c014faa                __stdout_putc.lto_priv.168
                0x000000001c014fc2                puts
                0x000000001c014ff4                system_exit
                0x000000001c015048                exit
                0x000000001c01505c                setup_systick_in_timer
                0x000000001c015084                deallocate_init_stack
                0x000000001c015090                system_printf_uart_close
                0x000000001c015092                system_init_finalize
                0x000000001c015202                system_init
                0x000000001c01540c                _ill_insn_print
                0x000000001c015418                xip_data_exception_handler
                0x000000001c015454                xip_insn_exception_handler
                0x000000001c0154b8                pmp_exception_handler
                0x000000001c0154da                vSetPendSV
                0x000000001c015540                pi_cl_team_barrier.lto_priv.167
                0x000000001c016e66                load_file_to_ram
                0x000000001c016f0c                ram_free
                0x000000001c016f22                ram_malloc
                0x000000001c016f44                dma_transfer_async
                0x000000001c017cf4                network_run_cluster
 .text          0x000000001c0189ba     0x5160 /tmp/ccJFVUuc.ltrans1.ltrans.o
                0x000000001c019d16                store_output_async.isra.4.constprop.112
                0x000000001c019d82                store_output_async.isra.4.constprop.104
                0x000000001c019dee                pi_max_freq_get.constprop.50
                0x000000001c019e20                pulp_nn_avgpool_u8_u8.constprop.40
                0x000000001c019f66                __pi_rtc_apb_reg_read.constprop.27
                0x000000001c019fd2                printf_
                0x000000001c01a67e                system_setup_systick.constprop.30
                0x000000001c01a904                xTaskIncrementTick.part.9
                0x000000001c01b180                vTaskSwitchContext
                0x000000001c01b2d6                prvSetupTimerInterrupt
                0x000000001c01b2da                pi_l2_priv_malloc
                0x000000001c01b332                pi_l2_malloc
                0x000000001c01b3b0                pi_malloc
                0x000000001c01b3ca                pi_cl_l1_malloc
                0x000000001c01b430                pos_alloc_account_free.part.2
                0x000000001c01b436                pos_free
                0x000000001c01b502                pi_l2_priv_free
                0x000000001c01b548                pi_l2_free
                0x000000001c01b594                pi_free
                0x000000001c01b70e                pos_alloc_init
                0x000000001c01b736                __pi_evt_release
                0x000000001c01b832                __pi_evt_wait
                0x000000001c01b85c                __pi_evt_sig_init
                0x000000001c01b87e                pi_hyper_write.constprop.21
                0x000000001c01b8d2                pi_time_wait_us.part.2
                0x000000001c01b8f2                pi_evt_kernel_push_event
                0x000000001c01bcec                pi_time_wait_us
                0x000000001c01bd1c                pi_evt_push_delayed_us
                0x000000001c01c362                pi_fs_read
                0x000000001c01c4bc                __pi_mram_close.part.5.lto_priv.223
                0x000000001c01c7c8                application.constprop.53
                0x000000001c01d276                __os_init
 .text          0x000000001c01db1a       0x9a /home/lanmei/dory/dory/dory_examples/application/1229_D2_15_mixedSW_final_MIBMINet_100trials/BUILD/GAP9_V2/GCC_RISCV_FREERTOS//home/lanmei/gap_sdk_private/rtos/pmsis/os/freeRTOS/freertos_kernel/portable/GCC/RI5CY-GAP9/port_asm.o
                0x000000001c01db1a                xPortStartScheduler
 .text          0x000000001c01dbb4      0x372 /home/lanmei/gap_riscv_toolchain/bin/../lib/gcc/riscv32-unknown-elf/7.1.1/rv32imcxgap9/ilp32/libgcc.a(_divdi3.o)
                0x000000001c01dbb4                __divdi3
 .text          0x000000001c01df26      0x33c /home/lanmei/gap_riscv_toolchain/bin/../lib/gcc/riscv32-unknown-elf/7.1.1/rv32imcxgap9/ilp32/libgcc.a(_udivdi3.o)
                0x000000001c01df26                __udivdi3
 .text          0x000000001c01e262      0x32e /home/lanmei/gap_riscv_toolchain/bin/../lib/gcc/riscv32-unknown-elf/7.1.1/rv32imcxgap9/ilp32/libgcc.a(_umoddi3.o)
                0x000000001c01e262                __umoddi3
 .text          0x000000001c01e590      0x84a /home/lanmei/gap_riscv_toolchain/bin/../lib/gcc/riscv32-unknown-elf/7.1.1/rv32imcxgap9/ilp32/libgcc.a(adddf3.o)
                0x000000001c01e590                __adddf3
 .text          0x000000001c01edda      0x604 /home/lanmei/gap_riscv_toolchain/bin/../lib/gcc/riscv32-unknown-elf/7.1.1/rv32imcxgap9/ilp32/libgcc.a(divdf3.o)
                0x000000001c01edda                __divdf3
 .text          0x000000001c01f3de       0x90 /home/lanmei/gap_riscv_toolchain/bin/../lib/gcc/riscv32-unknown-elf/7.1.1/rv32imcxgap9/ilp32/libgcc.a(eqdf2.o)
                0x000000001c01f3de                __eqdf2
                0x000000001c01f3de                __nedf2
 .text          0x000000001c01f46e       0xa8 /home/lanmei/gap_riscv_toolchain/bin/../lib/gcc/riscv32-unknown-elf/7.1.1/rv32imcxgap9/ilp32/libgcc.a(gedf2.o)
                0x000000001c01f46e                __gtdf2
                0x000000001c01f46e                __gedf2
 .text          0x000000001c01f516       0xa8 /home/lanmei/gap_riscv_toolchain/bin/../lib/gcc/riscv32-unknown-elf/7.1.1/rv32imcxgap9/ilp32/libgcc.a(ledf2.o)
                0x000000001c01f516                __ltdf2
                0x000000001c01f516                __ledf2
 .text          0x000000001c01f5be      0x566 /home/lanmei/gap_riscv_toolchain/bin/../lib/gcc/riscv32-unknown-elf/7.1.1/rv32imcxgap9/ilp32/libgcc.a(muldf3.o)
                0x000000001c01f5be                __muldf3
 .text          0x000000001c01fb24      0x874 /home/lanmei/gap_riscv_toolchain/bin/../lib/gcc/riscv32-unknown-elf/7.1.1/rv32imcxgap9/ilp32/libgcc.a(subdf3.o)
                0x000000001c01fb24                __subdf3
 .text          0x000000001c020398       0xb8 /home/lanmei/gap_riscv_toolchain/bin/../lib/gcc/riscv32-unknown-elf/7.1.1/rv32imcxgap9/ilp32/libgcc.a(fixdfsi.o)
                0x000000001c020398                __fixdfsi
 .text          0x000000001c020450       0x8e /home/lanmei/gap_riscv_toolchain/bin/../lib/gcc/riscv32-unknown-elf/7.1.1/rv32imcxgap9/ilp32/libgcc.a(fixunsdfsi.o)
                0x000000001c020450                __fixunsdfsi
 .text          0x000000001c0204de       0x58 /home/lanmei/gap_riscv_toolchain/bin/../lib/gcc/riscv32-unknown-elf/7.1.1/rv32imcxgap9/ilp32/libgcc.a(floatsidf.o)
                0x000000001c0204de                __floatsidf
 .text          0x000000001c020536       0x4c /home/lanmei/gap_riscv_toolchain/bin/../lib/gcc/riscv32-unknown-elf/7.1.1/rv32imcxgap9/ilp32/libgcc.a(floatunsidf.o)
                0x000000001c020536                __floatunsidf
 .text          0x000000001c020582       0xa4 /home/lanmei/gap_riscv_toolchain/bin/../lib/gcc/riscv32-unknown-elf/7.1.1/rv32imcxgap9/ilp32/libgcc.a(extendsfdf2.o)
                0x000000001c020582                __extendsfdf2
 *(.text.*)
 .text.exit     0x000000001c020626      0x47c /tmp/ccJFVUuc.ltrans0.ltrans.o
 .text.startup  0x000000001c020aa2      0x6b2 /tmp/ccJFVUuc.ltrans0.ltrans.o
                0x000000001c021076                main
 .text.exit     0x000000001c021154       0x8c /tmp/ccJFVUuc.ltrans1.ltrans.o
 .text.startup  0x000000001c0211e0       0x1e /tmp/ccJFVUuc.ltrans1.ltrans.o
                0x000000001c021200                . = ALIGN (0x10)
 *fill*         0x000000001c0211fe        0x2 
                0x000000001c021200                __cluster_text_start = .
 *(.text.cluster)
 *(.text.cluster.*)
                0x000000001c021200                __cluster_text_end = .
                0x000000001c021200                . = ALIGN (0x10)
                0x000000001c021200                _etext = .
 *(.lit)
 *(.shdata)
                0x000000001c021200                . = ALIGN (0x10)
                0x000000001c021200                _endtext = .

.cluster.text   0x000000001c021200      0x2fe
 .cluster.text  0x000000001c021200      0x2a0 /home/lanmei/dory/dory/dory_examples/application/1229_D2_15_mixedSW_final_MIBMINet_100trials/BUILD/GAP9_V2/GCC_RISCV_FREERTOS//home/lanmei/gap_sdk_private/rtos/pmsis/implem/chips/gap9/cluster/driver/cluster-cc.o
                0x000000001c021200                pi_cl_entry
                0x000000001c0213c4                pi_cl_pe_set_stack
                0x000000001c02143e                pi_irq_cl_handler
 .cluster.text  0x000000001c0214a0       0x5e /home/lanmei/dory/dory/dory_examples/application/1229_D2_15_mixedSW_final_MIBMINet_100trials/BUILD/GAP9_V2/GCC_RISCV_FREERTOS//home/lanmei/gap_sdk_private/rtos/pmsis/implem/chips/gap9/cluster/driver/cluster-pe-team.o
                0x000000001c0214a0                pi_cl_pe_entry
                0x000000001c0214e2                pi_cl_pe_wait_for_dispatch

.rodata         0x000000001c021500     0x2b98
                0x000000001c021500                . = ALIGN (0x10)
 *(.rodata)
 .rodata        0x000000001c021500     0x16ec /tmp/ccJFVUuc.ltrans0.ltrans.o
 *fill*         0x000000001c022bec        0x4 
 .rodata        0x000000001c022bf0      0x1f4 /tmp/ccJFVUuc.ltrans1.ltrans.o
 .rodata        0x000000001c022de4       0x3c /home/lanmei/gap_riscv_toolchain/bin/../lib/gcc/riscv32-unknown-elf/7.1.1/rv32imcxgap9/ilp32/libgcc.a(divdf3.o)
 .rodata        0x000000001c022e20       0x3c /home/lanmei/gap_riscv_toolchain/bin/../lib/gcc/riscv32-unknown-elf/7.1.1/rv32imcxgap9/ilp32/libgcc.a(muldf3.o)
 .rodata        0x000000001c022e5c      0x100 /home/lanmei/gap_riscv_toolchain/bin/../lib/gcc/riscv32-unknown-elf/7.1.1/rv32imcxgap9/ilp32/libgcc.a(_clz.o)
                0x000000001c022e5c                __clz_tab
 *(.rodata.*)
 .rodata.str1.4
                0x000000001c022f5c      0x2ac /tmp/ccJFVUuc.ltrans0.ltrans.o
                                        0x2b0 (size before relaxing)
 .rodata.str1.4
                0x000000001c023208      0xd60 /tmp/ccJFVUuc.ltrans1.ltrans.o
                                        0xd62 (size before relaxing)
                0x000000001c023f70                . = ALIGN (0x10)
 *fill*         0x000000001c023f68        0x8 
 *(.srodata)
 *(.srodata.*)
 .srodata.cst4  0x000000001c023f70       0x14 /tmp/ccJFVUuc.ltrans0.ltrans.o
 .srodata.cst4  0x000000001c023f84        0x4 /tmp/ccJFVUuc.ltrans1.ltrans.o
 .srodata.cst8  0x000000001c023f88       0x98 /tmp/ccJFVUuc.ltrans1.ltrans.o
 *(.eh_frame*)
 .eh_frame      0x000000001c024020       0x28 /home/lanmei/gap_riscv_toolchain/bin/../lib/gcc/riscv32-unknown-elf/7.1.1/rv32imcxgap9/ilp32/libgcc.a(_divdi3.o)
 .eh_frame      0x000000001c024048       0x28 /home/lanmei/gap_riscv_toolchain/bin/../lib/gcc/riscv32-unknown-elf/7.1.1/rv32imcxgap9/ilp32/libgcc.a(_udivdi3.o)
 .eh_frame      0x000000001c024070       0x28 /home/lanmei/gap_riscv_toolchain/bin/../lib/gcc/riscv32-unknown-elf/7.1.1/rv32imcxgap9/ilp32/libgcc.a(_umoddi3.o)
 *(.eh_frame.*)

.rela.dyn       0x000000001c024098        0x0
 .rela.text.text_l2
                0x000000001c024098        0x0 /home/lanmei/dory/dory/dory_examples/application/1229_D2_15_mixedSW_final_MIBMINet_100trials/BUILD/GAP9_V2/GCC_RISCV_FREERTOS//home/lanmei/gap_sdk_private/rtos/pmsis/os/freeRTOS/vendors/gwt/gap9/src/device/gap_iet.o
 .rela.text.text_l2.reset
                0x000000001c024098        0x0 /home/lanmei/dory/dory/dory_examples/application/1229_D2_15_mixedSW_final_MIBMINet_100trials/BUILD/GAP9_V2/GCC_RISCV_FREERTOS//home/lanmei/gap_sdk_private/rtos/pmsis/os/freeRTOS/vendors/gwt/gap9/src/device/gap_iet.o
 .rela.vectors_irq
                0x000000001c024098        0x0 /home/lanmei/dory/dory/dory_examples/application/1229_D2_15_mixedSW_final_MIBMINet_100trials/BUILD/GAP9_V2/GCC_RISCV_FREERTOS//home/lanmei/gap_sdk_private/rtos/pmsis/os/freeRTOS/vendors/gwt/gap9/src/device/gap_iet.o
 .rela.cluster.text
                0x000000001c024098        0x0 /home/lanmei/dory/dory/dory_examples/application/1229_D2_15_mixedSW_final_MIBMINet_100trials/BUILD/GAP9_V2/GCC_RISCV_FREERTOS//home/lanmei/gap_sdk_private/rtos/pmsis/os/freeRTOS/vendors/gwt/gap9/src/device/gap_iet.o
 .rela.text     0x000000001c024098        0x0 /home/lanmei/dory/dory/dory_examples/application/1229_D2_15_mixedSW_final_MIBMINet_100trials/BUILD/GAP9_V2/GCC_RISCV_FREERTOS//home/lanmei/gap_sdk_private/rtos/pmsis/os/freeRTOS/vendors/gwt/gap9/src/device/gap_iet.o
 .rela.text_l2  0x000000001c024098        0x0 /home/lanmei/dory/dory/dory_examples/application/1229_D2_15_mixedSW_final_MIBMINet_100trials/BUILD/GAP9_V2/GCC_RISCV_FREERTOS//home/lanmei/gap_sdk_private/rtos/pmsis/os/freeRTOS/vendors/gwt/gap9/src/device/gap_iet.o
 .rela.text.exit
                0x000000001c024098        0x0 /home/lanmei/dory/dory/dory_examples/application/1229_D2_15_mixedSW_final_MIBMINet_100trials/BUILD/GAP9_V2/GCC_RISCV_FREERTOS//home/lanmei/gap_sdk_private/rtos/pmsis/os/freeRTOS/vendors/gwt/gap9/src/device/gap_iet.o
 .rela.text.startup
                0x000000001c024098        0x0 /home/lanmei/dory/dory/dory_examples/application/1229_D2_15_mixedSW_final_MIBMINet_100trials/BUILD/GAP9_V2/GCC_RISCV_FREERTOS//home/lanmei/gap_sdk_private/rtos/pmsis/os/freeRTOS/vendors/gwt/gap9/src/device/gap_iet.o

.shbss          0x000000001c024098        0x8
                0x000000001c0240a0                . = ALIGN (0x10)
 *fill*         0x000000001c024098        0x8 
 *(.shbss)
 *(.shbss.*)

.data           0x000000001c0240a0      0x28c
                0x000000001c0240a0                . = ALIGN (0x10)
                0x000000001c0240a0                __data_start__ = .
 *(.data)
 .data          0x000000001c0240a0      0x168 /tmp/ccJFVUuc.ltrans0.ltrans.o
                0x000000001c0240a0                _ecall_vector
                0x000000001c024108                pi_irq_cl_handlers
                0x000000001c024188                __pi_cl_irq_handlers
 .data          0x000000001c024208      0x124 /tmp/ccJFVUuc.ltrans1.ltrans.o
                0x000000001c024324                __pi_pmu_sleep_enter.lto_priv.175
                0x000000001c024328                irq.53807.lto_priv.173
 *(.data.*)
 *(.l2_data)
 *(.l2_data.*)
 *(.data_fc_shared)
 *(.data_fc_shared.*)
 *(.heapl2ram)
 *(.heapl2ram.*)
                0x000000001c02432c                __data_end__ = .

.bss            0x000000001c024330      0x6a0
                0x000000001c024330                . = ALIGN (0x10)
                0x000000001c024330                __bss_start__ = .
 *(.bss)
 .bss           0x000000001c024330      0x17c /tmp/ccJFVUuc.ltrans0.ltrans.o
 *fill*         0x000000001c0244ac        0x4 
 .bss           0x000000001c0244b0      0x384 /tmp/ccJFVUuc.ltrans1.ltrans.o
                0x000000001c024508                sys_timer_hi_prec
                0x000000001c024518                g_timer_data.lto_priv.178
                0x000000001c024618                pos_alloc_l2
                0x000000001c024660                pos_alloc_l1
                0x000000001c024688                g_mram_data.lto_priv.171
                0x000000001c024708                systick_evt_cb
                0x000000001c0247c0                fs.lto_priv.208
                0x000000001c024814                ram.lto_priv.207
                0x000000001c024820                L3_weights_size.lto_priv.206
 *(.bss.*)
 *(.sbss)
 .sbss          0x000000001c024834       0x44 /tmp/ccJFVUuc.ltrans0.ltrans.o
                0x000000001c024838                ulCriticalNesting
                0x000000001c024844                __stack_fc_start__
 .sbss          0x000000001c024878       0x68 /tmp/ccJFVUuc.ltrans1.ltrans.o
                0x000000001c024878                pos_mram_open_count.lto_priv.170
                0x000000001c024898                xPendedTicks.lto_priv.180
                0x000000001c0248a0                tick_rate.lto_priv.181
                0x000000001c0248ac                cycle_network_execution
                0x000000001c0248b0                L3_output.lto_priv.205
                0x000000001c0248b4                L3_input.lto_priv.204
                0x000000001c0248b8                L3_weights.lto_priv.203
                0x000000001c0248d4                pxCurrentTCB
                0x000000001c0248d8                uxSchedulerSuspended.lto_priv.179
 *(.sbss.*)
 *(COMMON)
 COMMON         0x000000001c0248e0       0x40 /tmp/ccJFVUuc.ltrans0.ltrans.o
                0x000000001c0248e0                pi_exception_vector
 COMMON         0x000000001c024920       0xac /tmp/ccJFVUuc.ltrans1.ltrans.o
                0x000000001c024920                pi_cluster
                0x000000001c02494c                pi_irq_handler_wrapper_vector
                0x000000001c0249d0                . = ALIGN (0x10)
 *fill*         0x000000001c0249cc        0x4 
                0x000000001c0249d0                __bss_end__ = .
                0x000000001c0249d0                __l1_preload_start_inL2 = .

.data_tiny_l1   0x0000000000000004       0x4c load address 0x000000001c0249d0
                0x0000000000000004                . = ALIGN (0x4)
                0x0000000000000004                __l1_preload_start = .
 *(.data_tiny_l1)
 *(.data_tiny_l1.*)
 *(.data_alias_l1)
 *(.data_alias_l1.*)
 *(.l1clusterTiny)
 .l1clusterTiny
                0x0000000000000004        0xc /tmp/ccJFVUuc.ltrans0.ltrans.o
                0x000000000000000c                __pi_cluster_nb_active_pe
 .l1clusterTiny
                0x0000000000000010       0x40 /tmp/ccJFVUuc.ltrans1.ltrans.o
                0x0000000000000010                __pi_cluster_pool
                0x0000000000000048                __pi_cluster_pending_task
 *(.l1clusterTiny.*)
                0x0000000000000050                . = ALIGN (0x10)
                0x0000000000000050                __data_tiny_l1_end = .

.l1cluster_g    0x0000000010000050       0x10 load address 0x000000001c024a1c
                0x0000000010000050                . = ALIGN (0x10)
                0x0000000010000050                __printf_lock_ptr_l1 = .
                0x0000000010000054                . = (__printf_lock_ptr_l1 + 0x4)
 *fill*         0x0000000010000050        0x4 
 *(.l1cluster_g)
 *(.l1cluster_g.*)
 *(.data_l1)
 *(.data_l1.*)
 *(.heapsram)
 *(.heapsram.*)
                0x0000000010000060                . = ALIGN (0x10)
 *fill*         0x0000000010000054        0xc 
                0x0000000010000060                __l1_preload_end = .
                0x0000000010000070                __l1_heapsram_start = (__l1_preload_end + 0x10)
                0x000000000001ff90                __l1_heapsram_size = ((ORIGIN (L1) + LENGTH (L1)) - __l1_heapsram_start)
                0x0000000010020000                __l1_heapsram_end = (ORIGIN (L1) + LENGTH (L1))
                0x000000000000005c                __l1_preload_size = (SIZEOF (.data_tiny_l1) + SIZEOF (.l1cluster_g))
                0x000000001c024a2c                __heapl2ram_start = (LOADADDR (.l1cluster_g) + SIZEOF (.l1cluster_g))
                0x000000000016b5d4                __heapl2ram_size = ((ORIGIN (L2_shared) + LENGTH (L2_shared)) - __heapl2ram_start)
OUTPUT(/home/lanmei/dory/dory/dory_examples/application/1229_D2_15_mixedSW_final_MIBMINet_100trials/BUILD/GAP9_V2/GCC_RISCV_FREERTOS/main elf32-littleriscv)

.comment        0x0000000000000000       0x1a
 .comment       0x0000000000000000       0x1a /tmp/ccJFVUuc.ltrans0.ltrans.o
                                         0x1b (size before relaxing)
 .comment       0x000000000000001a       0x1b /tmp/ccJFVUuc.ltrans1.ltrans.o
 .comment       0x000000000000001a       0x1b /home/lanmei/gap_riscv_toolchain/bin/../lib/gcc/riscv32-unknown-elf/7.1.1/rv32imcxgap9/ilp32/libgcc.a(_divdi3.o)
 .comment       0x000000000000001a       0x1b /home/lanmei/gap_riscv_toolchain/bin/../lib/gcc/riscv32-unknown-elf/7.1.1/rv32imcxgap9/ilp32/libgcc.a(_udivdi3.o)
 .comment       0x000000000000001a       0x1b /home/lanmei/gap_riscv_toolchain/bin/../lib/gcc/riscv32-unknown-elf/7.1.1/rv32imcxgap9/ilp32/libgcc.a(_umoddi3.o)
 .comment       0x000000000000001a       0x1b /home/lanmei/gap_riscv_toolchain/bin/../lib/gcc/riscv32-unknown-elf/7.1.1/rv32imcxgap9/ilp32/libgcc.a(adddf3.o)
 .comment       0x000000000000001a       0x1b /home/lanmei/gap_riscv_toolchain/bin/../lib/gcc/riscv32-unknown-elf/7.1.1/rv32imcxgap9/ilp32/libgcc.a(divdf3.o)
 .comment       0x000000000000001a       0x1b /home/lanmei/gap_riscv_toolchain/bin/../lib/gcc/riscv32-unknown-elf/7.1.1/rv32imcxgap9/ilp32/libgcc.a(eqdf2.o)
 .comment       0x000000000000001a       0x1b /home/lanmei/gap_riscv_toolchain/bin/../lib/gcc/riscv32-unknown-elf/7.1.1/rv32imcxgap9/ilp32/libgcc.a(gedf2.o)
 .comment       0x000000000000001a       0x1b /home/lanmei/gap_riscv_toolchain/bin/../lib/gcc/riscv32-unknown-elf/7.1.1/rv32imcxgap9/ilp32/libgcc.a(ledf2.o)
 .comment       0x000000000000001a       0x1b /home/lanmei/gap_riscv_toolchain/bin/../lib/gcc/riscv32-unknown-elf/7.1.1/rv32imcxgap9/ilp32/libgcc.a(muldf3.o)
 .comment       0x000000000000001a       0x1b /home/lanmei/gap_riscv_toolchain/bin/../lib/gcc/riscv32-unknown-elf/7.1.1/rv32imcxgap9/ilp32/libgcc.a(subdf3.o)
 .comment       0x000000000000001a       0x1b /home/lanmei/gap_riscv_toolchain/bin/../lib/gcc/riscv32-unknown-elf/7.1.1/rv32imcxgap9/ilp32/libgcc.a(fixdfsi.o)
 .comment       0x000000000000001a       0x1b /home/lanmei/gap_riscv_toolchain/bin/../lib/gcc/riscv32-unknown-elf/7.1.1/rv32imcxgap9/ilp32/libgcc.a(fixunsdfsi.o)
 .comment       0x000000000000001a       0x1b /home/lanmei/gap_riscv_toolchain/bin/../lib/gcc/riscv32-unknown-elf/7.1.1/rv32imcxgap9/ilp32/libgcc.a(floatsidf.o)
 .comment       0x000000000000001a       0x1b /home/lanmei/gap_riscv_toolchain/bin/../lib/gcc/riscv32-unknown-elf/7.1.1/rv32imcxgap9/ilp32/libgcc.a(floatunsidf.o)
 .comment       0x000000000000001a       0x1b /home/lanmei/gap_riscv_toolchain/bin/../lib/gcc/riscv32-unknown-elf/7.1.1/rv32imcxgap9/ilp32/libgcc.a(extendsfdf2.o)
 .comment       0x000000000000001a       0x1b /home/lanmei/gap_riscv_toolchain/bin/../lib/gcc/riscv32-unknown-elf/7.1.1/rv32imcxgap9/ilp32/libgcc.a(_clz.o)

.Pulp_Chip.Info
                0x0000000000000000       0x4e
 .Pulp_Chip.Info
                0x0000000000000000        0x0 /tmp/ccJFVUuc.ltrans0.ltrans.o
 .Pulp_Chip.Info
                0x0000000000000000        0x0 /tmp/ccJFVUuc.ltrans1.ltrans.o
 .Pulp_Chip.Info
                0x0000000000000000       0x4e /home/lanmei/dory/dory/dory_examples/application/1229_D2_15_mixedSW_final_MIBMINet_100trials/BUILD/GAP9_V2/GCC_RISCV_FREERTOS//home/lanmei/gap_sdk_private/rtos/pmsis/os/freeRTOS/vendors/gwt/gap9/src/device/gap_iet.o
 .Pulp_Chip.Info
                0x000000000000004e        0x0 /home/lanmei/dory/dory/dory_examples/application/1229_D2_15_mixedSW_final_MIBMINet_100trials/BUILD/GAP9_V2/GCC_RISCV_FREERTOS//home/lanmei/gap_sdk_private/rtos/pmsis/os/freeRTOS/vendors/gwt/gap9/src/device/startup_gap.o
 .Pulp_Chip.Info
                0x000000000000004e        0x0 /home/lanmei/dory/dory/dory_examples/application/1229_D2_15_mixedSW_final_MIBMINet_100trials/BUILD/GAP9_V2/GCC_RISCV_FREERTOS//home/lanmei/gap_sdk_private/rtos/pmsis/implem/chips/gap9/cluster/driver/cluster-cc.o
 .Pulp_Chip.Info
                0x000000000000004e        0x0 /home/lanmei/dory/dory/dory_examples/application/1229_D2_15_mixedSW_final_MIBMINet_100trials/BUILD/GAP9_V2/GCC_RISCV_FREERTOS//home/lanmei/gap_sdk_private/rtos/pmsis/implem/chips/gap9/cluster/driver/cluster-pe-team.o
 .Pulp_Chip.Info
                0x000000000000004e        0x0 /home/lanmei/dory/dory/dory_examples/application/1229_D2_15_mixedSW_final_MIBMINet_100trials/BUILD/GAP9_V2/GCC_RISCV_FREERTOS//home/lanmei/gap_sdk_private/rtos/pmsis/implem/chips/gap9/timer/driver/timer_asm.o
 .Pulp_Chip.Info
                0x000000000000004e        0x0 /home/lanmei/dory/dory/dory_examples/application/1229_D2_15_mixedSW_final_MIBMINet_100trials/BUILD/GAP9_V2/GCC_RISCV_FREERTOS//home/lanmei/gap_sdk_private/rtos/pmsis/implem/chips/gap9/udma_hyperbus/driver/hyperbus_asm.o
 .Pulp_Chip.Info
                0x000000000000004e        0x0 /home/lanmei/dory/dory/dory_examples/application/1229_D2_15_mixedSW_final_MIBMINet_100trials/BUILD/GAP9_V2/GCC_RISCV_FREERTOS//home/lanmei/gap_sdk_private/rtos/pmsis/implem/utils/asm_util.o
 .Pulp_Chip.Info
                0x000000000000004e        0x0 /home/lanmei/dory/dory/dory_examples/application/1229_D2_15_mixedSW_final_MIBMINet_100trials/BUILD/GAP9_V2/GCC_RISCV_FREERTOS//home/lanmei/gap_sdk_private/rtos/pmsis/os/freeRTOS/freertos_kernel/portable/GCC/RI5CY-GAP9/port_asm.o
 .Pulp_Chip.Info
                0x000000000000004e        0x0 /home/lanmei/gap_riscv_toolchain/bin/../lib/gcc/riscv32-unknown-elf/7.1.1/rv32imcxgap9/ilp32/libgcc.a(_divdi3.o)
 .Pulp_Chip.Info
                0x000000000000004e        0x0 /home/lanmei/gap_riscv_toolchain/bin/../lib/gcc/riscv32-unknown-elf/7.1.1/rv32imcxgap9/ilp32/libgcc.a(_udivdi3.o)
 .Pulp_Chip.Info
                0x000000000000004e        0x0 /home/lanmei/gap_riscv_toolchain/bin/../lib/gcc/riscv32-unknown-elf/7.1.1/rv32imcxgap9/ilp32/libgcc.a(_umoddi3.o)
 .Pulp_Chip.Info
                0x000000000000004e        0x0 /home/lanmei/gap_riscv_toolchain/bin/../lib/gcc/riscv32-unknown-elf/7.1.1/rv32imcxgap9/ilp32/libgcc.a(adddf3.o)
 .Pulp_Chip.Info
                0x000000000000004e        0x0 /home/lanmei/gap_riscv_toolchain/bin/../lib/gcc/riscv32-unknown-elf/7.1.1/rv32imcxgap9/ilp32/libgcc.a(divdf3.o)
 .Pulp_Chip.Info
                0x000000000000004e        0x0 /home/lanmei/gap_riscv_toolchain/bin/../lib/gcc/riscv32-unknown-elf/7.1.1/rv32imcxgap9/ilp32/libgcc.a(eqdf2.o)
 .Pulp_Chip.Info
                0x000000000000004e        0x0 /home/lanmei/gap_riscv_toolchain/bin/../lib/gcc/riscv32-unknown-elf/7.1.1/rv32imcxgap9/ilp32/libgcc.a(gedf2.o)
 .Pulp_Chip.Info
                0x000000000000004e        0x0 /home/lanmei/gap_riscv_toolchain/bin/../lib/gcc/riscv32-unknown-elf/7.1.1/rv32imcxgap9/ilp32/libgcc.a(ledf2.o)
 .Pulp_Chip.Info
                0x000000000000004e        0x0 /home/lanmei/gap_riscv_toolchain/bin/../lib/gcc/riscv32-unknown-elf/7.1.1/rv32imcxgap9/ilp32/libgcc.a(muldf3.o)
 .Pulp_Chip.Info
                0x000000000000004e        0x0 /home/lanmei/gap_riscv_toolchain/bin/../lib/gcc/riscv32-unknown-elf/7.1.1/rv32imcxgap9/ilp32/libgcc.a(subdf3.o)
 .Pulp_Chip.Info
                0x000000000000004e        0x0 /home/lanmei/gap_riscv_toolchain/bin/../lib/gcc/riscv32-unknown-elf/7.1.1/rv32imcxgap9/ilp32/libgcc.a(fixdfsi.o)
 .Pulp_Chip.Info
                0x000000000000004e        0x0 /home/lanmei/gap_riscv_toolchain/bin/../lib/gcc/riscv32-unknown-elf/7.1.1/rv32imcxgap9/ilp32/libgcc.a(fixunsdfsi.o)
 .Pulp_Chip.Info
                0x000000000000004e        0x0 /home/lanmei/gap_riscv_toolchain/bin/../lib/gcc/riscv32-unknown-elf/7.1.1/rv32imcxgap9/ilp32/libgcc.a(floatsidf.o)
 .Pulp_Chip.Info
                0x000000000000004e        0x0 /home/lanmei/gap_riscv_toolchain/bin/../lib/gcc/riscv32-unknown-elf/7.1.1/rv32imcxgap9/ilp32/libgcc.a(floatunsidf.o)
 .Pulp_Chip.Info
                0x000000000000004e        0x0 /home/lanmei/gap_riscv_toolchain/bin/../lib/gcc/riscv32-unknown-elf/7.1.1/rv32imcxgap9/ilp32/libgcc.a(extendsfdf2.o)
 .Pulp_Chip.Info
                0x000000000000004e        0x0 /home/lanmei/gap_riscv_toolchain/bin/../lib/gcc/riscv32-unknown-elf/7.1.1/rv32imcxgap9/ilp32/libgcc.a(_clz.o)

.debug_line     0x0000000000000000     0x4ff4
 .debug_line    0x0000000000000000      0x505 /home/lanmei/dory/dory/dory_examples/application/1229_D2_15_mixedSW_final_MIBMINet_100trials/BUILD/GAP9_V2/GCC_RISCV_FREERTOS//home/lanmei/gap_sdk_private/rtos/pmsis/os/freeRTOS/vendors/gwt/gap9/src/device/gap_iet.o
 .debug_line    0x0000000000000505      0x27b /home/lanmei/dory/dory/dory_examples/application/1229_D2_15_mixedSW_final_MIBMINet_100trials/BUILD/GAP9_V2/GCC_RISCV_FREERTOS//home/lanmei/gap_sdk_private/rtos/pmsis/os/freeRTOS/vendors/gwt/gap9/src/device/startup_gap.o
 .debug_line    0x0000000000000780      0x4be /home/lanmei/dory/dory/dory_examples/application/1229_D2_15_mixedSW_final_MIBMINet_100trials/BUILD/GAP9_V2/GCC_RISCV_FREERTOS//home/lanmei/gap_sdk_private/rtos/pmsis/implem/chips/gap9/cluster/driver/cluster-cc.o
 .debug_line    0x0000000000000c3e       0xf8 /home/lanmei/dory/dory/dory_examples/application/1229_D2_15_mixedSW_final_MIBMINet_100trials/BUILD/GAP9_V2/GCC_RISCV_FREERTOS//home/lanmei/gap_sdk_private/rtos/pmsis/implem/chips/gap9/cluster/driver/cluster-pe-team.o
 .debug_line    0x0000000000000d36      0x101 /home/lanmei/dory/dory/dory_examples/application/1229_D2_15_mixedSW_final_MIBMINet_100trials/BUILD/GAP9_V2/GCC_RISCV_FREERTOS//home/lanmei/gap_sdk_private/rtos/pmsis/implem/chips/gap9/timer/driver/timer_asm.o
 .debug_line    0x0000000000000e37       0xf4 /home/lanmei/dory/dory/dory_examples/application/1229_D2_15_mixedSW_final_MIBMINet_100trials/BUILD/GAP9_V2/GCC_RISCV_FREERTOS//home/lanmei/gap_sdk_private/rtos/pmsis/implem/chips/gap9/udma_hyperbus/driver/hyperbus_asm.o
 .debug_line    0x0000000000000f2b       0xd7 /home/lanmei/dory/dory/dory_examples/application/1229_D2_15_mixedSW_final_MIBMINet_100trials/BUILD/GAP9_V2/GCC_RISCV_FREERTOS//home/lanmei/gap_sdk_private/rtos/pmsis/implem/utils/asm_util.o
 .debug_line    0x0000000000001002       0xb6 /home/lanmei/dory/dory/dory_examples/application/1229_D2_15_mixedSW_final_MIBMINet_100trials/BUILD/GAP9_V2/GCC_RISCV_FREERTOS//home/lanmei/gap_sdk_private/rtos/pmsis/os/freeRTOS/freertos_kernel/portable/GCC/RI5CY-GAP9/port_asm.o
 .debug_line    0x00000000000010b8      0x4b2 /home/lanmei/gap_riscv_toolchain/bin/../lib/gcc/riscv32-unknown-elf/7.1.1/rv32imcxgap9/ilp32/libgcc.a(_divdi3.o)
 .debug_line    0x000000000000156a      0x488 /home/lanmei/gap_riscv_toolchain/bin/../lib/gcc/riscv32-unknown-elf/7.1.1/rv32imcxgap9/ilp32/libgcc.a(_udivdi3.o)
 .debug_line    0x00000000000019f2      0x469 /home/lanmei/gap_riscv_toolchain/bin/../lib/gcc/riscv32-unknown-elf/7.1.1/rv32imcxgap9/ilp32/libgcc.a(_umoddi3.o)
 .debug_line    0x0000000000001e5b      0xa47 /home/lanmei/gap_riscv_toolchain/bin/../lib/gcc/riscv32-unknown-elf/7.1.1/rv32imcxgap9/ilp32/libgcc.a(adddf3.o)
 .debug_line    0x00000000000028a2      0x691 /home/lanmei/gap_riscv_toolchain/bin/../lib/gcc/riscv32-unknown-elf/7.1.1/rv32imcxgap9/ilp32/libgcc.a(divdf3.o)
 .debug_line    0x0000000000002f33      0x1fd /home/lanmei/gap_riscv_toolchain/bin/../lib/gcc/riscv32-unknown-elf/7.1.1/rv32imcxgap9/ilp32/libgcc.a(eqdf2.o)
 .debug_line    0x0000000000003130      0x229 /home/lanmei/gap_riscv_toolchain/bin/../lib/gcc/riscv32-unknown-elf/7.1.1/rv32imcxgap9/ilp32/libgcc.a(gedf2.o)
 .debug_line    0x0000000000003359      0x229 /home/lanmei/gap_riscv_toolchain/bin/../lib/gcc/riscv32-unknown-elf/7.1.1/rv32imcxgap9/ilp32/libgcc.a(ledf2.o)
 .debug_line    0x0000000000003582      0x512 /home/lanmei/gap_riscv_toolchain/bin/../lib/gcc/riscv32-unknown-elf/7.1.1/rv32imcxgap9/ilp32/libgcc.a(muldf3.o)
 .debug_line    0x0000000000003a94      0xa6e /home/lanmei/gap_riscv_toolchain/bin/../lib/gcc/riscv32-unknown-elf/7.1.1/rv32imcxgap9/ilp32/libgcc.a(subdf3.o)
 .debug_line    0x0000000000004502      0x1e1 /home/lanmei/gap_riscv_toolchain/bin/../lib/gcc/riscv32-unknown-elf/7.1.1/rv32imcxgap9/ilp32/libgcc.a(fixdfsi.o)
 .debug_line    0x00000000000046e3      0x1ad /home/lanmei/gap_riscv_toolchain/bin/../lib/gcc/riscv32-unknown-elf/7.1.1/rv32imcxgap9/ilp32/libgcc.a(fixunsdfsi.o)
 .debug_line    0x0000000000004890      0x15d /home/lanmei/gap_riscv_toolchain/bin/../lib/gcc/riscv32-unknown-elf/7.1.1/rv32imcxgap9/ilp32/libgcc.a(floatsidf.o)
 .debug_line    0x00000000000049ed      0x14b /home/lanmei/gap_riscv_toolchain/bin/../lib/gcc/riscv32-unknown-elf/7.1.1/rv32imcxgap9/ilp32/libgcc.a(floatunsidf.o)
 .debug_line    0x0000000000004b38      0x1be /home/lanmei/gap_riscv_toolchain/bin/../lib/gcc/riscv32-unknown-elf/7.1.1/rv32imcxgap9/ilp32/libgcc.a(extendsfdf2.o)
 .debug_line    0x0000000000004cf6      0x2fe /home/lanmei/gap_riscv_toolchain/bin/../lib/gcc/riscv32-unknown-elf/7.1.1/rv32imcxgap9/ilp32/libgcc.a(_clz.o)

.debug_info     0x0000000000000000     0x720b
 .debug_info    0x0000000000000000       0xdf /home/lanmei/dory/dory/dory_examples/application/1229_D2_15_mixedSW_final_MIBMINet_100trials/BUILD/GAP9_V2/GCC_RISCV_FREERTOS//home/lanmei/gap_sdk_private/rtos/pmsis/os/freeRTOS/vendors/gwt/gap9/src/device/gap_iet.o
 .debug_info    0x00000000000000df       0xdf /home/lanmei/dory/dory/dory_examples/application/1229_D2_15_mixedSW_final_MIBMINet_100trials/BUILD/GAP9_V2/GCC_RISCV_FREERTOS//home/lanmei/gap_sdk_private/rtos/pmsis/os/freeRTOS/vendors/gwt/gap9/src/device/startup_gap.o
 .debug_info    0x00000000000001be       0xdb /home/lanmei/dory/dory/dory_examples/application/1229_D2_15_mixedSW_final_MIBMINet_100trials/BUILD/GAP9_V2/GCC_RISCV_FREERTOS//home/lanmei/gap_sdk_private/rtos/pmsis/implem/chips/gap9/cluster/driver/cluster-cc.o
 .debug_info    0x0000000000000299       0xe0 /home/lanmei/dory/dory/dory_examples/application/1229_D2_15_mixedSW_final_MIBMINet_100trials/BUILD/GAP9_V2/GCC_RISCV_FREERTOS//home/lanmei/gap_sdk_private/rtos/pmsis/implem/chips/gap9/cluster/driver/cluster-pe-team.o
 .debug_info    0x0000000000000379       0xd8 /home/lanmei/dory/dory/dory_examples/application/1229_D2_15_mixedSW_final_MIBMINet_100trials/BUILD/GAP9_V2/GCC_RISCV_FREERTOS//home/lanmei/gap_sdk_private/rtos/pmsis/implem/chips/gap9/timer/driver/timer_asm.o
 .debug_info    0x0000000000000451       0xe3 /home/lanmei/dory/dory/dory_examples/application/1229_D2_15_mixedSW_final_MIBMINet_100trials/BUILD/GAP9_V2/GCC_RISCV_FREERTOS//home/lanmei/gap_sdk_private/rtos/pmsis/implem/chips/gap9/udma_hyperbus/driver/hyperbus_asm.o
 .debug_info    0x0000000000000534       0xc5 /home/lanmei/dory/dory/dory_examples/application/1229_D2_15_mixedSW_final_MIBMINet_100trials/BUILD/GAP9_V2/GCC_RISCV_FREERTOS//home/lanmei/gap_sdk_private/rtos/pmsis/implem/utils/asm_util.o
 .debug_info    0x00000000000005f9       0xec /home/lanmei/dory/dory/dory_examples/application/1229_D2_15_mixedSW_final_MIBMINet_100trials/BUILD/GAP9_V2/GCC_RISCV_FREERTOS//home/lanmei/gap_sdk_private/rtos/pmsis/os/freeRTOS/freertos_kernel/portable/GCC/RI5CY-GAP9/port_asm.o
 .debug_info    0x00000000000006e5     0x115c /home/lanmei/gap_riscv_toolchain/bin/../lib/gcc/riscv32-unknown-elf/7.1.1/rv32imcxgap9/ilp32/libgcc.a(_divdi3.o)
 .debug_info    0x0000000000001841     0x112a /home/lanmei/gap_riscv_toolchain/bin/../lib/gcc/riscv32-unknown-elf/7.1.1/rv32imcxgap9/ilp32/libgcc.a(_udivdi3.o)
 .debug_info    0x000000000000296b     0x1187 /home/lanmei/gap_riscv_toolchain/bin/../lib/gcc/riscv32-unknown-elf/7.1.1/rv32imcxgap9/ilp32/libgcc.a(_umoddi3.o)
 .debug_info    0x0000000000003af2      0x59d /home/lanmei/gap_riscv_toolchain/bin/../lib/gcc/riscv32-unknown-elf/7.1.1/rv32imcxgap9/ilp32/libgcc.a(adddf3.o)
 .debug_info    0x000000000000408f      0x713 /home/lanmei/gap_riscv_toolchain/bin/../lib/gcc/riscv32-unknown-elf/7.1.1/rv32imcxgap9/ilp32/libgcc.a(divdf3.o)
 .debug_info    0x00000000000047a2      0x274 /home/lanmei/gap_riscv_toolchain/bin/../lib/gcc/riscv32-unknown-elf/7.1.1/rv32imcxgap9/ilp32/libgcc.a(eqdf2.o)
 .debug_info    0x0000000000004a16      0x261 /home/lanmei/gap_riscv_toolchain/bin/../lib/gcc/riscv32-unknown-elf/7.1.1/rv32imcxgap9/ilp32/libgcc.a(gedf2.o)
 .debug_info    0x0000000000004c77      0x261 /home/lanmei/gap_riscv_toolchain/bin/../lib/gcc/riscv32-unknown-elf/7.1.1/rv32imcxgap9/ilp32/libgcc.a(ledf2.o)
 .debug_info    0x0000000000004ed8      0x742 /home/lanmei/gap_riscv_toolchain/bin/../lib/gcc/riscv32-unknown-elf/7.1.1/rv32imcxgap9/ilp32/libgcc.a(muldf3.o)
 .debug_info    0x000000000000561a      0x59d /home/lanmei/gap_riscv_toolchain/bin/../lib/gcc/riscv32-unknown-elf/7.1.1/rv32imcxgap9/ilp32/libgcc.a(subdf3.o)
 .debug_info    0x0000000000005bb7      0x1fd /home/lanmei/gap_riscv_toolchain/bin/../lib/gcc/riscv32-unknown-elf/7.1.1/rv32imcxgap9/ilp32/libgcc.a(fixdfsi.o)
 .debug_info    0x0000000000005db4      0x1e9 /home/lanmei/gap_riscv_toolchain/bin/../lib/gcc/riscv32-unknown-elf/7.1.1/rv32imcxgap9/ilp32/libgcc.a(fixunsdfsi.o)
 .debug_info    0x0000000000005f9d      0x29b /home/lanmei/gap_riscv_toolchain/bin/../lib/gcc/riscv32-unknown-elf/7.1.1/rv32imcxgap9/ilp32/libgcc.a(floatsidf.o)
 .debug_info    0x0000000000006238      0x28f /home/lanmei/gap_riscv_toolchain/bin/../lib/gcc/riscv32-unknown-elf/7.1.1/rv32imcxgap9/ilp32/libgcc.a(floatunsidf.o)
 .debug_info    0x00000000000064c7      0x2a7 /home/lanmei/gap_riscv_toolchain/bin/../lib/gcc/riscv32-unknown-elf/7.1.1/rv32imcxgap9/ilp32/libgcc.a(extendsfdf2.o)
 .debug_info    0x000000000000676e      0xa9d /home/lanmei/gap_riscv_toolchain/bin/../lib/gcc/riscv32-unknown-elf/7.1.1/rv32imcxgap9/ilp32/libgcc.a(_clz.o)

.debug_abbrev   0x0000000000000000     0x1b3e
 .debug_abbrev  0x0000000000000000       0x14 /home/lanmei/dory/dory/dory_examples/application/1229_D2_15_mixedSW_final_MIBMINet_100trials/BUILD/GAP9_V2/GCC_RISCV_FREERTOS//home/lanmei/gap_sdk_private/rtos/pmsis/os/freeRTOS/vendors/gwt/gap9/src/device/gap_iet.o
 .debug_abbrev  0x0000000000000014       0x12 /home/lanmei/dory/dory/dory_examples/application/1229_D2_15_mixedSW_final_MIBMINet_100trials/BUILD/GAP9_V2/GCC_RISCV_FREERTOS//home/lanmei/gap_sdk_private/rtos/pmsis/os/freeRTOS/vendors/gwt/gap9/src/device/startup_gap.o
 .debug_abbrev  0x0000000000000026       0x14 /home/lanmei/dory/dory/dory_examples/application/1229_D2_15_mixedSW_final_MIBMINet_100trials/BUILD/GAP9_V2/GCC_RISCV_FREERTOS//home/lanmei/gap_sdk_private/rtos/pmsis/implem/chips/gap9/cluster/driver/cluster-cc.o
 .debug_abbrev  0x000000000000003a       0x14 /home/lanmei/dory/dory/dory_examples/application/1229_D2_15_mixedSW_final_MIBMINet_100trials/BUILD/GAP9_V2/GCC_RISCV_FREERTOS//home/lanmei/gap_sdk_private/rtos/pmsis/implem/chips/gap9/cluster/driver/cluster-pe-team.o
 .debug_abbrev  0x000000000000004e       0x14 /home/lanmei/dory/dory/dory_examples/application/1229_D2_15_mixedSW_final_MIBMINet_100trials/BUILD/GAP9_V2/GCC_RISCV_FREERTOS//home/lanmei/gap_sdk_private/rtos/pmsis/implem/chips/gap9/timer/driver/timer_asm.o
 .debug_abbrev  0x0000000000000062       0x14 /home/lanmei/dory/dory/dory_examples/application/1229_D2_15_mixedSW_final_MIBMINet_100trials/BUILD/GAP9_V2/GCC_RISCV_FREERTOS//home/lanmei/gap_sdk_private/rtos/pmsis/implem/chips/gap9/udma_hyperbus/driver/hyperbus_asm.o
 .debug_abbrev  0x0000000000000076       0x14 /home/lanmei/dory/dory/dory_examples/application/1229_D2_15_mixedSW_final_MIBMINet_100trials/BUILD/GAP9_V2/GCC_RISCV_FREERTOS//home/lanmei/gap_sdk_private/rtos/pmsis/implem/utils/asm_util.o
 .debug_abbrev  0x000000000000008a       0x14 /home/lanmei/dory/dory/dory_examples/application/1229_D2_15_mixedSW_final_MIBMINet_100trials/BUILD/GAP9_V2/GCC_RISCV_FREERTOS//home/lanmei/gap_sdk_private/rtos/pmsis/os/freeRTOS/freertos_kernel/portable/GCC/RI5CY-GAP9/port_asm.o
 .debug_abbrev  0x000000000000009e      0x2a8 /home/lanmei/gap_riscv_toolchain/bin/../lib/gcc/riscv32-unknown-elf/7.1.1/rv32imcxgap9/ilp32/libgcc.a(_divdi3.o)
 .debug_abbrev  0x0000000000000346      0x292 /home/lanmei/gap_riscv_toolchain/bin/../lib/gcc/riscv32-unknown-elf/7.1.1/rv32imcxgap9/ilp32/libgcc.a(_udivdi3.o)
 .debug_abbrev  0x00000000000005d8      0x2ac /home/lanmei/gap_riscv_toolchain/bin/../lib/gcc/riscv32-unknown-elf/7.1.1/rv32imcxgap9/ilp32/libgcc.a(_umoddi3.o)
 .debug_abbrev  0x0000000000000884      0x178 /home/lanmei/gap_riscv_toolchain/bin/../lib/gcc/riscv32-unknown-elf/7.1.1/rv32imcxgap9/ilp32/libgcc.a(adddf3.o)
 .debug_abbrev  0x00000000000009fc      0x170 /home/lanmei/gap_riscv_toolchain/bin/../lib/gcc/riscv32-unknown-elf/7.1.1/rv32imcxgap9/ilp32/libgcc.a(divdf3.o)
 .debug_abbrev  0x0000000000000b6c      0x18f /home/lanmei/gap_riscv_toolchain/bin/../lib/gcc/riscv32-unknown-elf/7.1.1/rv32imcxgap9/ilp32/libgcc.a(eqdf2.o)
 .debug_abbrev  0x0000000000000cfb      0x166 /home/lanmei/gap_riscv_toolchain/bin/../lib/gcc/riscv32-unknown-elf/7.1.1/rv32imcxgap9/ilp32/libgcc.a(gedf2.o)
 .debug_abbrev  0x0000000000000e61      0x166 /home/lanmei/gap_riscv_toolchain/bin/../lib/gcc/riscv32-unknown-elf/7.1.1/rv32imcxgap9/ilp32/libgcc.a(ledf2.o)
 .debug_abbrev  0x0000000000000fc7      0x177 /home/lanmei/gap_riscv_toolchain/bin/../lib/gcc/riscv32-unknown-elf/7.1.1/rv32imcxgap9/ilp32/libgcc.a(muldf3.o)
 .debug_abbrev  0x000000000000113e      0x178 /home/lanmei/gap_riscv_toolchain/bin/../lib/gcc/riscv32-unknown-elf/7.1.1/rv32imcxgap9/ilp32/libgcc.a(subdf3.o)
 .debug_abbrev  0x00000000000012b6      0x15b /home/lanmei/gap_riscv_toolchain/bin/../lib/gcc/riscv32-unknown-elf/7.1.1/rv32imcxgap9/ilp32/libgcc.a(fixdfsi.o)
 .debug_abbrev  0x0000000000001411      0x159 /home/lanmei/gap_riscv_toolchain/bin/../lib/gcc/riscv32-unknown-elf/7.1.1/rv32imcxgap9/ilp32/libgcc.a(fixunsdfsi.o)
 .debug_abbrev  0x000000000000156a      0x161 /home/lanmei/gap_riscv_toolchain/bin/../lib/gcc/riscv32-unknown-elf/7.1.1/rv32imcxgap9/ilp32/libgcc.a(floatsidf.o)
 .debug_abbrev  0x00000000000016cb      0x161 /home/lanmei/gap_riscv_toolchain/bin/../lib/gcc/riscv32-unknown-elf/7.1.1/rv32imcxgap9/ilp32/libgcc.a(floatunsidf.o)
 .debug_abbrev  0x000000000000182c      0x154 /home/lanmei/gap_riscv_toolchain/bin/../lib/gcc/riscv32-unknown-elf/7.1.1/rv32imcxgap9/ilp32/libgcc.a(extendsfdf2.o)
 .debug_abbrev  0x0000000000001980      0x1be /home/lanmei/gap_riscv_toolchain/bin/../lib/gcc/riscv32-unknown-elf/7.1.1/rv32imcxgap9/ilp32/libgcc.a(_clz.o)

.debug_aranges  0x0000000000000000      0x300
 .debug_aranges
                0x0000000000000000       0x20 /home/lanmei/dory/dory/dory_examples/application/1229_D2_15_mixedSW_final_MIBMINet_100trials/BUILD/GAP9_V2/GCC_RISCV_FREERTOS//home/lanmei/gap_sdk_private/rtos/pmsis/os/freeRTOS/vendors/gwt/gap9/src/device/gap_iet.o
 .debug_aranges
                0x0000000000000020       0x28 /home/lanmei/dory/dory/dory_examples/application/1229_D2_15_mixedSW_final_MIBMINet_100trials/BUILD/GAP9_V2/GCC_RISCV_FREERTOS//home/lanmei/gap_sdk_private/rtos/pmsis/os/freeRTOS/vendors/gwt/gap9/src/device/startup_gap.o
 .debug_aranges
                0x0000000000000048       0x20 /home/lanmei/dory/dory/dory_examples/application/1229_D2_15_mixedSW_final_MIBMINet_100trials/BUILD/GAP9_V2/GCC_RISCV_FREERTOS//home/lanmei/gap_sdk_private/rtos/pmsis/implem/chips/gap9/cluster/driver/cluster-cc.o
 .debug_aranges
                0x0000000000000068       0x20 /home/lanmei/dory/dory/dory_examples/application/1229_D2_15_mixedSW_final_MIBMINet_100trials/BUILD/GAP9_V2/GCC_RISCV_FREERTOS//home/lanmei/gap_sdk_private/rtos/pmsis/implem/chips/gap9/cluster/driver/cluster-pe-team.o
 .debug_aranges
                0x0000000000000088       0x20 /home/lanmei/dory/dory/dory_examples/application/1229_D2_15_mixedSW_final_MIBMINet_100trials/BUILD/GAP9_V2/GCC_RISCV_FREERTOS//home/lanmei/gap_sdk_private/rtos/pmsis/implem/chips/gap9/timer/driver/timer_asm.o
 .debug_aranges
                0x00000000000000a8       0x20 /home/lanmei/dory/dory/dory_examples/application/1229_D2_15_mixedSW_final_MIBMINet_100trials/BUILD/GAP9_V2/GCC_RISCV_FREERTOS//home/lanmei/gap_sdk_private/rtos/pmsis/implem/chips/gap9/udma_hyperbus/driver/hyperbus_asm.o
 .debug_aranges
                0x00000000000000c8       0x20 /home/lanmei/dory/dory/dory_examples/application/1229_D2_15_mixedSW_final_MIBMINet_100trials/BUILD/GAP9_V2/GCC_RISCV_FREERTOS//home/lanmei/gap_sdk_private/rtos/pmsis/implem/utils/asm_util.o
 .debug_aranges
                0x00000000000000e8       0x20 /home/lanmei/dory/dory/dory_examples/application/1229_D2_15_mixedSW_final_MIBMINet_100trials/BUILD/GAP9_V2/GCC_RISCV_FREERTOS//home/lanmei/gap_sdk_private/rtos/pmsis/os/freeRTOS/freertos_kernel/portable/GCC/RI5CY-GAP9/port_asm.o
 .debug_aranges
                0x0000000000000108       0x20 /home/lanmei/gap_riscv_toolchain/bin/../lib/gcc/riscv32-unknown-elf/7.1.1/rv32imcxgap9/ilp32/libgcc.a(_divdi3.o)
 .debug_aranges
                0x0000000000000128       0x20 /home/lanmei/gap_riscv_toolchain/bin/../lib/gcc/riscv32-unknown-elf/7.1.1/rv32imcxgap9/ilp32/libgcc.a(_udivdi3.o)
 .debug_aranges
                0x0000000000000148       0x20 /home/lanmei/gap_riscv_toolchain/bin/../lib/gcc/riscv32-unknown-elf/7.1.1/rv32imcxgap9/ilp32/libgcc.a(_umoddi3.o)
 .debug_aranges
                0x0000000000000168       0x20 /home/lanmei/gap_riscv_toolchain/bin/../lib/gcc/riscv32-unknown-elf/7.1.1/rv32imcxgap9/ilp32/libgcc.a(adddf3.o)
 .debug_aranges
                0x0000000000000188       0x20 /home/lanmei/gap_riscv_toolchain/bin/../lib/gcc/riscv32-unknown-elf/7.1.1/rv32imcxgap9/ilp32/libgcc.a(divdf3.o)
 .debug_aranges
                0x00000000000001a8       0x20 /home/lanmei/gap_riscv_toolchain/bin/../lib/gcc/riscv32-unknown-elf/7.1.1/rv32imcxgap9/ilp32/libgcc.a(eqdf2.o)
 .debug_aranges
                0x00000000000001c8       0x20 /home/lanmei/gap_riscv_toolchain/bin/../lib/gcc/riscv32-unknown-elf/7.1.1/rv32imcxgap9/ilp32/libgcc.a(gedf2.o)
 .debug_aranges
                0x00000000000001e8       0x20 /home/lanmei/gap_riscv_toolchain/bin/../lib/gcc/riscv32-unknown-elf/7.1.1/rv32imcxgap9/ilp32/libgcc.a(ledf2.o)
 .debug_aranges
                0x0000000000000208       0x20 /home/lanmei/gap_riscv_toolchain/bin/../lib/gcc/riscv32-unknown-elf/7.1.1/rv32imcxgap9/ilp32/libgcc.a(muldf3.o)
 .debug_aranges
                0x0000000000000228       0x20 /home/lanmei/gap_riscv_toolchain/bin/../lib/gcc/riscv32-unknown-elf/7.1.1/rv32imcxgap9/ilp32/libgcc.a(subdf3.o)
 .debug_aranges
                0x0000000000000248       0x20 /home/lanmei/gap_riscv_toolchain/bin/../lib/gcc/riscv32-unknown-elf/7.1.1/rv32imcxgap9/ilp32/libgcc.a(fixdfsi.o)
 .debug_aranges
                0x0000000000000268       0x20 /home/lanmei/gap_riscv_toolchain/bin/../lib/gcc/riscv32-unknown-elf/7.1.1/rv32imcxgap9/ilp32/libgcc.a(fixunsdfsi.o)
 .debug_aranges
                0x0000000000000288       0x20 /home/lanmei/gap_riscv_toolchain/bin/../lib/gcc/riscv32-unknown-elf/7.1.1/rv32imcxgap9/ilp32/libgcc.a(floatsidf.o)
 .debug_aranges
                0x00000000000002a8       0x20 /home/lanmei/gap_riscv_toolchain/bin/../lib/gcc/riscv32-unknown-elf/7.1.1/rv32imcxgap9/ilp32/libgcc.a(floatunsidf.o)
 .debug_aranges
                0x00000000000002c8       0x20 /home/lanmei/gap_riscv_toolchain/bin/../lib/gcc/riscv32-unknown-elf/7.1.1/rv32imcxgap9/ilp32/libgcc.a(extendsfdf2.o)
 .debug_aranges
                0x00000000000002e8       0x18 /home/lanmei/gap_riscv_toolchain/bin/../lib/gcc/riscv32-unknown-elf/7.1.1/rv32imcxgap9/ilp32/libgcc.a(_clz.o)

.debug_ranges   0x0000000000000000      0xce0
 .debug_ranges  0x0000000000000000       0x20 /home/lanmei/dory/dory/dory_examples/application/1229_D2_15_mixedSW_final_MIBMINet_100trials/BUILD/GAP9_V2/GCC_RISCV_FREERTOS//home/lanmei/gap_sdk_private/rtos/pmsis/os/freeRTOS/vendors/gwt/gap9/src/device/startup_gap.o
 .debug_ranges  0x0000000000000020       0xe8 /home/lanmei/gap_riscv_toolchain/bin/../lib/gcc/riscv32-unknown-elf/7.1.1/rv32imcxgap9/ilp32/libgcc.a(_divdi3.o)
 .debug_ranges  0x0000000000000108      0x100 /home/lanmei/gap_riscv_toolchain/bin/../lib/gcc/riscv32-unknown-elf/7.1.1/rv32imcxgap9/ilp32/libgcc.a(_udivdi3.o)
 .debug_ranges  0x0000000000000208       0xc8 /home/lanmei/gap_riscv_toolchain/bin/../lib/gcc/riscv32-unknown-elf/7.1.1/rv32imcxgap9/ilp32/libgcc.a(_umoddi3.o)
 .debug_ranges  0x00000000000002d0      0x268 /home/lanmei/gap_riscv_toolchain/bin/../lib/gcc/riscv32-unknown-elf/7.1.1/rv32imcxgap9/ilp32/libgcc.a(adddf3.o)
 .debug_ranges  0x0000000000000538      0x160 /home/lanmei/gap_riscv_toolchain/bin/../lib/gcc/riscv32-unknown-elf/7.1.1/rv32imcxgap9/ilp32/libgcc.a(divdf3.o)
 .debug_ranges  0x0000000000000698       0x50 /home/lanmei/gap_riscv_toolchain/bin/../lib/gcc/riscv32-unknown-elf/7.1.1/rv32imcxgap9/ilp32/libgcc.a(eqdf2.o)
 .debug_ranges  0x00000000000006e8       0x58 /home/lanmei/gap_riscv_toolchain/bin/../lib/gcc/riscv32-unknown-elf/7.1.1/rv32imcxgap9/ilp32/libgcc.a(gedf2.o)
 .debug_ranges  0x0000000000000740       0x58 /home/lanmei/gap_riscv_toolchain/bin/../lib/gcc/riscv32-unknown-elf/7.1.1/rv32imcxgap9/ilp32/libgcc.a(ledf2.o)
 .debug_ranges  0x0000000000000798      0x1e8 /home/lanmei/gap_riscv_toolchain/bin/../lib/gcc/riscv32-unknown-elf/7.1.1/rv32imcxgap9/ilp32/libgcc.a(muldf3.o)
 .debug_ranges  0x0000000000000980      0x280 /home/lanmei/gap_riscv_toolchain/bin/../lib/gcc/riscv32-unknown-elf/7.1.1/rv32imcxgap9/ilp32/libgcc.a(subdf3.o)
 .debug_ranges  0x0000000000000c00       0x38 /home/lanmei/gap_riscv_toolchain/bin/../lib/gcc/riscv32-unknown-elf/7.1.1/rv32imcxgap9/ilp32/libgcc.a(fixdfsi.o)
 .debug_ranges  0x0000000000000c38       0x18 /home/lanmei/gap_riscv_toolchain/bin/../lib/gcc/riscv32-unknown-elf/7.1.1/rv32imcxgap9/ilp32/libgcc.a(fixunsdfsi.o)
 .debug_ranges  0x0000000000000c50       0x48 /home/lanmei/gap_riscv_toolchain/bin/../lib/gcc/riscv32-unknown-elf/7.1.1/rv32imcxgap9/ilp32/libgcc.a(floatsidf.o)
 .debug_ranges  0x0000000000000c98       0x48 /home/lanmei/gap_riscv_toolchain/bin/../lib/gcc/riscv32-unknown-elf/7.1.1/rv32imcxgap9/ilp32/libgcc.a(floatunsidf.o)

.debug_frame    0x0000000000000000      0x270
 .debug_frame   0x0000000000000000       0x20 /home/lanmei/gap_riscv_toolchain/bin/../lib/gcc/riscv32-unknown-elf/7.1.1/rv32imcxgap9/ilp32/libgcc.a(_divdi3.o)
 .debug_frame   0x0000000000000020       0x20 /home/lanmei/gap_riscv_toolchain/bin/../lib/gcc/riscv32-unknown-elf/7.1.1/rv32imcxgap9/ilp32/libgcc.a(_udivdi3.o)